[1.103s] Invoking command in '/home/techsas/auv_ws/build/auv_pkg': LD_LIBRARY_PATH=/home/techsas/auv_ws/install/auv_interfaces/lib:/usr/local/lib:/usr/local/cuda-12.6/lib64:/usr/local/lib:/home/techsas/microros_ws/install/micro_ros_agent/lib:/home/techsas/microros_ws/install/micro_ros_msgs/lib:/opt/ros/humble/opt/rviz_ogre_vendor/lib:/opt/ros/humble/lib/aarch64-linux-gnu:/opt/ros/humble/lib:/usr/local/cuda-12.6/lib64 PYTHONPATH=/home/techsas/auv_ws/build/auv_pkg/prefix_override:/usr/lib/python3/dist-packages/colcon_core/task/python/colcon_distutils_commands:/home/techsas/auv_ws/install/auv_pkg/lib/python3.10/site-packages:${PYTHONPATH} /usr/bin/python3 -W ignore:setup.py install is deprecated -W ignore:easy_install command is deprecated setup.py develop --editable --build-directory /home/techsas/auv_ws/build/auv_pkg/build --no-deps symlink_data
[1.550s] running develop
[1.844s] running egg_info
[1.845s] writing auv_pkg.egg-info/PKG-INFO
[1.845s] writing dependency_links to auv_pkg.egg-info/dependency_links.txt
[1.846s] writing entry points to auv_pkg.egg-info/entry_points.txt
[1.846s] writing requirements to auv_pkg.egg-info/requires.txt
[1.846s] writing top-level names to auv_pkg.egg-info/top_level.txt
[1.849s] reading manifest file 'auv_pkg.egg-info/SOURCES.txt'
[1.851s] writing manifest file 'auv_pkg.egg-info/SOURCES.txt'
[1.853s] running build_ext
[1.854s] Creating /home/techsas/auv_ws/install/auv_pkg/lib/python3.10/site-packages/auv-pkg.egg-link (link to .)
[1.855s] Installing accumulator script to /home/techsas/auv_ws/install/auv_pkg/lib/auv_pkg
[1.856s] Installing accumulator_fadhil script to /home/techsas/auv_ws/install/auv_pkg/lib/auv_pkg
[1.856s] Installing accumulator_new script to /home/techsas/auv_ws/install/auv_pkg/lib/auv_pkg
[1.856s] Installing bucket_detection script to /home/techsas/auv_ws/install/auv_pkg/lib/auv_pkg
[1.857s] Installing gui_timer script to /home/techsas/auv_ws/install/auv_pkg/lib/auv_pkg
[1.857s] Installing guidance_flag1 script to /home/techsas/auv_ws/install/auv_pkg/lib/auv_pkg
[1.857s] Installing guidance_flag2 script to /home/techsas/auv_ws/install/auv_pkg/lib/auv_pkg
[1.857s] Installing guidance_flag3 script to /home/techsas/auv_ws/install/auv_pkg/lib/auv_pkg
[1.858s] Installing guidance_flare_gate script to /home/techsas/auv_ws/install/auv_pkg/lib/auv_pkg
[1.858s] Installing guidance_full_reynard script to /home/techsas/auv_ws/install/auv_pkg/lib/auv_pkg
[1.858s] Installing guidance_full_reynard_v2 script to /home/techsas/auv_ws/install/auv_pkg/lib/auv_pkg
[1.859s] Installing guidance_mission script to /home/techsas/auv_ws/install/auv_pkg/lib/auv_pkg
[1.859s] Installing guidance_new script to /home/techsas/auv_ws/install/auv_pkg/lib/auv_pkg
[1.859s] Installing guidance_orange_gate_bucket script to /home/techsas/auv_ws/install/auv_pkg/lib/auv_pkg
[1.860s] Installing guidance_sauvc_fadhil script to /home/techsas/auv_ws/install/auv_pkg/lib/auv_pkg
[1.860s] Installing guidance_sauvc_qualification script to /home/techsas/auv_ws/install/auv_pkg/lib/auv_pkg
[1.860s] Installing guidance_teensy script to /home/techsas/auv_ws/install/auv_pkg/lib/auv_pkg
[1.860s] Installing map_sauvc script to /home/techsas/auv_ws/install/auv_pkg/lib/auv_pkg
[1.860s] Installing object_detection script to /home/techsas/auv_ws/install/auv_pkg/lib/auv_pkg
[1.861s] Installing object_detection_new script to /home/techsas/auv_ws/install/auv_pkg/lib/auv_pkg
[1.861s] Installing pid_logger_pub script to /home/techsas/auv_ws/install/auv_pkg/lib/auv_pkg
[1.861s] Installing pub_teensy script to /home/techsas/auv_ws/install/auv_pkg/lib/auv_pkg
[1.862s] Installing pub_teensy_serial_simple script to /home/techsas/auv_ws/install/auv_pkg/lib/auv_pkg
[1.862s] Installing pub_yaw_only script to /home/techsas/auv_ws/install/auv_pkg/lib/auv_pkg
[1.862s] Installing serial_monitoring_safety script to /home/techsas/auv_ws/install/auv_pkg/lib/auv_pkg
[1.862s] Installing serial_monitoring_safety_and_bucket script to /home/techsas/auv_ws/install/auv_pkg/lib/auv_pkg
[1.863s] Installing tes_gui script to /home/techsas/auv_ws/install/auv_pkg/lib/auv_pkg
[1.863s] Installing tes_yaw_diff script to /home/techsas/auv_ws/install/auv_pkg/lib/auv_pkg
[1.863s] Installing test_node script to /home/techsas/auv_ws/install/auv_pkg/lib/auv_pkg
[1.863s] 
[1.863s] Installed /home/techsas/auv_ws/build/auv_pkg
[1.864s] running symlink_data
[1.937s] Invoked command in '/home/techsas/auv_ws/build/auv_pkg' returned '0': LD_LIBRARY_PATH=/home/techsas/auv_ws/install/auv_interfaces/lib:/usr/local/lib:/usr/local/cuda-12.6/lib64:/usr/local/lib:/home/techsas/microros_ws/install/micro_ros_agent/lib:/home/techsas/microros_ws/install/micro_ros_msgs/lib:/opt/ros/humble/opt/rviz_ogre_vendor/lib:/opt/ros/humble/lib/aarch64-linux-gnu:/opt/ros/humble/lib:/usr/local/cuda-12.6/lib64 PYTHONPATH=/home/techsas/auv_ws/build/auv_pkg/prefix_override:/usr/lib/python3/dist-packages/colcon_core/task/python/colcon_distutils_commands:/home/techsas/auv_ws/install/auv_pkg/lib/python3.10/site-packages:${PYTHONPATH} /usr/bin/python3 -W ignore:setup.py install is deprecated -W ignore:easy_install command is deprecated setup.py develop --editable --build-directory /home/techsas/auv_ws/build/auv_pkg/build --no-deps symlink_data
