[0.027s] Invoking command in '/home/techsas/auv_ws/build/auv_interfaces': CMAKE_PREFIX_PATH=${CMAKE_PREFIX_PATH}:/home/techsas/auv_ws/install/auv_pkg:/opt/ros/humble /usr/bin/cmake --build /home/techsas/auv_ws/build/auv_interfaces -- -j8 -l8
[0.130s] [  1%] Built target auv_interfaces__rs
[0.133s] [  1%] Built target auv_interfaces__cpp
[0.136s] [ 13%] Built target auv_interfaces__rosidl_generator_c
[0.148s] [ 13%] Built target ament_cmake_python_symlink_auv_interfaces
[0.184s] [ 25%] Built target auv_interfaces__rosidl_typesupport_c
[0.186s] [ 49%] Built target auv_interfaces__rosidl_typesupport_introspection_c
[0.186s] [ 49%] Built target auv_interfaces__rosidl_typesupport_fastrtps_cpp
[0.188s] [ 63%] Built target auv_interfaces__rosidl_typesupport_cpp
[0.189s] [ 73%] Built target auv_interfaces__rosidl_typesupport_introspection_cpp
[0.198s] [ 85%] Built target auv_interfaces__rosidl_typesupport_fastrtps_c
[0.241s] [ 85%] Built target auv_interfaces
[0.281s] [ 86%] Built target auv_interfaces__py
[0.331s] [ 97%] Built target auv_interfaces__rosidl_generator_py
[0.371s] [100%] Built target auv_interfaces__rosidl_typesupport_c__pyext
[0.371s] [100%] Built target auv_interfaces__rosidl_typesupport_introspection_c__pyext
[0.372s] [100%] Built target auv_interfaces__rosidl_typesupport_fastrtps_c__pyext
[0.586s] running egg_info
[0.587s] writing auv_interfaces.egg-info/PKG-INFO
[0.587s] writing dependency_links to auv_interfaces.egg-info/dependency_links.txt
[0.588s] writing top-level names to auv_interfaces.egg-info/top_level.txt
[0.592s] reading manifest file 'auv_interfaces.egg-info/SOURCES.txt'
[0.593s] writing manifest file 'auv_interfaces.egg-info/SOURCES.txt'
[0.660s] [100%] Built target ament_cmake_python_build_auv_interfaces_egg
[0.685s] Invoked command in '/home/techsas/auv_ws/build/auv_interfaces' returned '0': CMAKE_PREFIX_PATH=${CMAKE_PREFIX_PATH}:/home/techsas/auv_ws/install/auv_pkg:/opt/ros/humble /usr/bin/cmake --build /home/techsas/auv_ws/build/auv_interfaces -- -j8 -l8
[0.708s] Invoking command in '/home/techsas/auv_ws/build/auv_interfaces': CMAKE_PREFIX_PATH=${CMAKE_PREFIX_PATH}:/home/techsas/auv_ws/install/auv_pkg:/opt/ros/humble /usr/bin/cmake --install /home/techsas/auv_ws/build/auv_interfaces
[0.720s] -- Install configuration: ""
[0.721s] -- Execute custom install script
[0.722s] -- Up-to-date symlink: /home/techsas/auv_ws/install/auv_interfaces/share/ament_index/resource_index/rosidl_interfaces/auv_interfaces
[0.723s] -- Up-to-date symlink: /home/techsas/auv_ws/install/auv_interfaces/include/auv_interfaces/auv_interfaces/msg/actuator.h
[0.724s] -- Up-to-date symlink: /home/techsas/auv_ws/install/auv_interfaces/include/auv_interfaces/auv_interfaces/msg/arduino_sensor.h
[0.724s] -- Up-to-date symlink: /home/techsas/auv_ws/install/auv_interfaces/include/auv_interfaces/auv_interfaces/msg/bounding_box.h
[0.724s] -- Up-to-date symlink: /home/techsas/auv_ws/install/auv_interfaces/include/auv_interfaces/auv_interfaces/msg/detail/actuator__functions.h
[0.724s] -- Up-to-date symlink: /home/techsas/auv_ws/install/auv_interfaces/include/auv_interfaces/auv_interfaces/msg/detail/actuator__struct.h
[0.725s] -- Up-to-date symlink: /home/techsas/auv_ws/install/auv_interfaces/include/auv_interfaces/auv_interfaces/msg/detail/actuator__type_support.h
[0.725s] -- Up-to-date symlink: /home/techsas/auv_ws/install/auv_interfaces/include/auv_interfaces/auv_interfaces/msg/detail/arduino_sensor__functions.h
[0.725s] -- Up-to-date symlink: /home/techsas/auv_ws/install/auv_interfaces/include/auv_interfaces/auv_interfaces/msg/detail/arduino_sensor__struct.h
[0.726s] -- Up-to-date symlink: /home/techsas/auv_ws/install/auv_interfaces/include/auv_interfaces/auv_interfaces/msg/detail/arduino_sensor__type_support.h
[0.726s] -- Up-to-date symlink: /home/techsas/auv_ws/install/auv_interfaces/include/auv_interfaces/auv_interfaces/msg/detail/bounding_box__functions.h
[0.726s] -- Up-to-date symlink: /home/techsas/auv_ws/install/auv_interfaces/include/auv_interfaces/auv_interfaces/msg/detail/bounding_box__struct.h
[0.727s] -- Up-to-date symlink: /home/techsas/auv_ws/install/auv_interfaces/include/auv_interfaces/auv_interfaces/msg/detail/bounding_box__type_support.h
[0.727s] -- Up-to-date symlink: /home/techsas/auv_ws/install/auv_interfaces/include/auv_interfaces/auv_interfaces/msg/detail/error__functions.h
[0.727s] -- Up-to-date symlink: /home/techsas/auv_ws/install/auv_interfaces/include/auv_interfaces/auv_interfaces/msg/detail/error__struct.h
[0.728s] -- Up-to-date symlink: /home/techsas/auv_ws/install/auv_interfaces/include/auv_interfaces/auv_interfaces/msg/detail/error__type_support.h
[0.728s] -- Up-to-date symlink: /home/techsas/auv_ws/install/auv_interfaces/include/auv_interfaces/auv_interfaces/msg/detail/gerak__functions.h
[0.728s] -- Up-to-date symlink: /home/techsas/auv_ws/install/auv_interfaces/include/auv_interfaces/auv_interfaces/msg/detail/gerak__struct.h
[0.728s] -- Up-to-date symlink: /home/techsas/auv_ws/install/auv_interfaces/include/auv_interfaces/auv_interfaces/msg/detail/gerak__type_support.h
[0.729s] -- Up-to-date symlink: /home/techsas/auv_ws/install/auv_interfaces/include/auv_interfaces/auv_interfaces/msg/detail/heading__functions.h
[0.729s] -- Up-to-date symlink: /home/techsas/auv_ws/install/auv_interfaces/include/auv_interfaces/auv_interfaces/msg/detail/heading__struct.h
[0.729s] -- Up-to-date symlink: /home/techsas/auv_ws/install/auv_interfaces/include/auv_interfaces/auv_interfaces/msg/detail/heading__type_support.h
[0.729s] -- Up-to-date symlink: /home/techsas/auv_ws/install/auv_interfaces/include/auv_interfaces/auv_interfaces/msg/detail/is_stable__functions.h
[0.730s] -- Up-to-date symlink: /home/techsas/auv_ws/install/auv_interfaces/include/auv_interfaces/auv_interfaces/msg/detail/is_stable__struct.h
[0.730s] -- Up-to-date symlink: /home/techsas/auv_ws/install/auv_interfaces/include/auv_interfaces/auv_interfaces/msg/detail/is_stable__type_support.h
[0.730s] -- Up-to-date symlink: /home/techsas/auv_ws/install/auv_interfaces/include/auv_interfaces/auv_interfaces/msg/detail/logging__functions.h
[0.730s] -- Up-to-date symlink: /home/techsas/auv_ws/install/auv_interfaces/include/auv_interfaces/auv_interfaces/msg/detail/logging__struct.h
[0.730s] -- Up-to-date symlink: /home/techsas/auv_ws/install/auv_interfaces/include/auv_interfaces/auv_interfaces/msg/detail/logging__type_support.h
[0.731s] -- Up-to-date symlink: /home/techsas/auv_ws/install/auv_interfaces/include/auv_interfaces/auv_interfaces/msg/detail/manual__functions.h
[0.731s] -- Up-to-date symlink: /home/techsas/auv_ws/install/auv_interfaces/include/auv_interfaces/auv_interfaces/msg/detail/manual__struct.h
[0.731s] -- Up-to-date symlink: /home/techsas/auv_ws/install/auv_interfaces/include/auv_interfaces/auv_interfaces/msg/detail/manual__type_support.h
[0.731s] -- Up-to-date symlink: /home/techsas/auv_ws/install/auv_interfaces/include/auv_interfaces/auv_interfaces/msg/detail/movement__functions.h
[0.731s] -- Up-to-date symlink: /home/techsas/auv_ws/install/auv_interfaces/include/auv_interfaces/auv_interfaces/msg/detail/movement__struct.h
[0.732s] -- Up-to-date symlink: /home/techsas/auv_ws/install/auv_interfaces/include/auv_interfaces/auv_interfaces/msg/detail/movement__type_support.h
[0.732s] -- Up-to-date symlink: /home/techsas/auv_ws/install/auv_interfaces/include/auv_interfaces/auv_interfaces/msg/detail/multi_pid__functions.h
[0.732s] -- Up-to-date symlink: /home/techsas/auv_ws/install/auv_interfaces/include/auv_interfaces/auv_interfaces/msg/detail/multi_pid__struct.h
[0.732s] -- Up-to-date symlink: /home/techsas/auv_ws/install/auv_interfaces/include/auv_interfaces/auv_interfaces/msg/detail/multi_pid__type_support.h
[0.732s] -- Up-to-date symlink: /home/techsas/auv_ws/install/auv_interfaces/include/auv_interfaces/auv_interfaces/msg/detail/object_detection__functions.h
[0.733s] -- Up-to-date symlink: /home/techsas/auv_ws/install/auv_interfaces/include/auv_interfaces/auv_interfaces/msg/detail/object_detection__struct.h
[0.733s] -- Up-to-date symlink: /home/techsas/auv_ws/install/auv_interfaces/include/auv_interfaces/auv_interfaces/msg/detail/object_detection__type_support.h
[0.733s] -- Up-to-date symlink: /home/techsas/auv_ws/install/auv_interfaces/include/auv_interfaces/auv_interfaces/msg/detail/object_difference__functions.h
[0.733s] -- Up-to-date symlink: /home/techsas/auv_ws/install/auv_interfaces/include/auv_interfaces/auv_interfaces/msg/detail/object_difference__struct.h
[0.733s] -- Up-to-date symlink: /home/techsas/auv_ws/install/auv_interfaces/include/auv_interfaces/auv_interfaces/msg/detail/object_difference__type_support.h
[0.734s] -- Up-to-date symlink: /home/techsas/auv_ws/install/auv_interfaces/include/auv_interfaces/auv_interfaces/msg/detail/orientation__functions.h
[0.734s] -- Up-to-date symlink: /home/techsas/auv_ws/install/auv_interfaces/include/auv_interfaces/auv_interfaces/msg/detail/orientation__struct.h
[0.734s] -- Up-to-date symlink: /home/techsas/auv_ws/install/auv_interfaces/include/auv_interfaces/auv_interfaces/msg/detail/orientation__type_support.h
[0.734s] -- Up-to-date symlink: /home/techsas/auv_ws/install/auv_interfaces/include/auv_interfaces/auv_interfaces/msg/detail/pid__functions.h
[0.734s] -- Up-to-date symlink: /home/techsas/auv_ws/install/auv_interfaces/include/auv_interfaces/auv_interfaces/msg/detail/pid__struct.h
[0.735s] -- Up-to-date symlink: /home/techsas/auv_ws/install/auv_interfaces/include/auv_interfaces/auv_interfaces/msg/detail/pid__type_support.h
[0.735s] -- Up-to-date symlink: /home/techsas/auv_ws/install/auv_interfaces/include/auv_interfaces/auv_interfaces/msg/detail/pid_vel__functions.h
[0.735s] -- Up-to-date symlink: /home/techsas/auv_ws/install/auv_interfaces/include/auv_interfaces/auv_interfaces/msg/detail/pid_vel__struct.h
[0.735s] -- Up-to-date symlink: /home/techsas/auv_ws/install/auv_interfaces/include/auv_interfaces/auv_interfaces/msg/detail/pid_vel__type_support.h
[0.735s] -- Up-to-date symlink: /home/techsas/auv_ws/install/auv_interfaces/include/auv_interfaces/auv_interfaces/msg/detail/sensor__functions.h
[0.736s] -- Up-to-date symlink: /home/techsas/auv_ws/install/auv_interfaces/include/auv_interfaces/auv_interfaces/msg/detail/sensor__struct.h
[0.736s] -- Up-to-date symlink: /home/techsas/auv_ws/install/auv_interfaces/include/auv_interfaces/auv_interfaces/msg/detail/sensor__type_support.h
[0.736s] -- Up-to-date symlink: /home/techsas/auv_ws/install/auv_interfaces/include/auv_interfaces/auv_interfaces/msg/detail/set_point__functions.h
[0.736s] -- Up-to-date symlink: /home/techsas/auv_ws/install/auv_interfaces/include/auv_interfaces/auv_interfaces/msg/detail/set_point__struct.h
[0.736s] -- Up-to-date symlink: /home/techsas/auv_ws/install/auv_interfaces/include/auv_interfaces/auv_interfaces/msg/detail/set_point__type_support.h
[0.736s] -- Up-to-date symlink: /home/techsas/auv_ws/install/auv_interfaces/include/auv_interfaces/auv_interfaces/msg/error.h
[0.736s] -- Up-to-date symlink: /home/techsas/auv_ws/install/auv_interfaces/include/auv_interfaces/auv_interfaces/msg/gerak.h
[0.737s] -- Up-to-date symlink: /home/techsas/auv_ws/install/auv_interfaces/include/auv_interfaces/auv_interfaces/msg/heading.h
[0.737s] -- Up-to-date symlink: /home/techsas/auv_ws/install/auv_interfaces/include/auv_interfaces/auv_interfaces/msg/is_stable.h
[0.737s] -- Up-to-date symlink: /home/techsas/auv_ws/install/auv_interfaces/include/auv_interfaces/auv_interfaces/msg/logging.h
[0.737s] -- Up-to-date symlink: /home/techsas/auv_ws/install/auv_interfaces/include/auv_interfaces/auv_interfaces/msg/manual.h
[0.737s] -- Up-to-date symlink: /home/techsas/auv_ws/install/auv_interfaces/include/auv_interfaces/auv_interfaces/msg/movement.h
[0.738s] -- Up-to-date symlink: /home/techsas/auv_ws/install/auv_interfaces/include/auv_interfaces/auv_interfaces/msg/multi_pid.h
[0.738s] -- Up-to-date symlink: /home/techsas/auv_ws/install/auv_interfaces/include/auv_interfaces/auv_interfaces/msg/object_detection.h
[0.738s] -- Up-to-date symlink: /home/techsas/auv_ws/install/auv_interfaces/include/auv_interfaces/auv_interfaces/msg/object_difference.h
[0.738s] -- Up-to-date symlink: /home/techsas/auv_ws/install/auv_interfaces/include/auv_interfaces/auv_interfaces/msg/orientation.h
[0.738s] -- Up-to-date symlink: /home/techsas/auv_ws/install/auv_interfaces/include/auv_interfaces/auv_interfaces/msg/pid.h
[0.739s] -- Up-to-date symlink: /home/techsas/auv_ws/install/auv_interfaces/include/auv_interfaces/auv_interfaces/msg/pid_vel.h
[0.739s] -- Up-to-date symlink: /home/techsas/auv_ws/install/auv_interfaces/include/auv_interfaces/auv_interfaces/msg/rosidl_generator_c__visibility_control.h
[0.739s] -- Up-to-date symlink: /home/techsas/auv_ws/install/auv_interfaces/include/auv_interfaces/auv_interfaces/msg/sensor.h
[0.739s] -- Up-to-date symlink: /home/techsas/auv_ws/install/auv_interfaces/include/auv_interfaces/auv_interfaces/msg/set_point.h
[0.739s] -- Up-to-date symlink: /home/techsas/auv_ws/install/auv_interfaces/share/auv_interfaces/environment/library_path.sh
[0.740s] -- Up-to-date symlink: /home/techsas/auv_ws/install/auv_interfaces/share/auv_interfaces/environment/library_path.dsv
[0.740s] -- Up-to-date symlink: /home/techsas/auv_ws/install/auv_interfaces/include/auv_interfaces/auv_interfaces/msg/detail/actuator__rosidl_typesupport_fastrtps_c.h
[0.740s] -- Up-to-date symlink: /home/techsas/auv_ws/install/auv_interfaces/include/auv_interfaces/auv_interfaces/msg/detail/arduino_sensor__rosidl_typesupport_fastrtps_c.h
[0.740s] -- Up-to-date symlink: /home/techsas/auv_ws/install/auv_interfaces/include/auv_interfaces/auv_interfaces/msg/detail/bounding_box__rosidl_typesupport_fastrtps_c.h
[0.740s] -- Up-to-date symlink: /home/techsas/auv_ws/install/auv_interfaces/include/auv_interfaces/auv_interfaces/msg/detail/error__rosidl_typesupport_fastrtps_c.h
[0.741s] -- Up-to-date symlink: /home/techsas/auv_ws/install/auv_interfaces/include/auv_interfaces/auv_interfaces/msg/detail/gerak__rosidl_typesupport_fastrtps_c.h
[0.741s] -- Up-to-date symlink: /home/techsas/auv_ws/install/auv_interfaces/include/auv_interfaces/auv_interfaces/msg/detail/heading__rosidl_typesupport_fastrtps_c.h
[0.741s] -- Up-to-date symlink: /home/techsas/auv_ws/install/auv_interfaces/include/auv_interfaces/auv_interfaces/msg/detail/is_stable__rosidl_typesupport_fastrtps_c.h
[0.741s] -- Up-to-date symlink: /home/techsas/auv_ws/install/auv_interfaces/include/auv_interfaces/auv_interfaces/msg/detail/logging__rosidl_typesupport_fastrtps_c.h
[0.741s] -- Up-to-date symlink: /home/techsas/auv_ws/install/auv_interfaces/include/auv_interfaces/auv_interfaces/msg/detail/manual__rosidl_typesupport_fastrtps_c.h
[0.741s] -- Up-to-date symlink: /home/techsas/auv_ws/install/auv_interfaces/include/auv_interfaces/auv_interfaces/msg/detail/movement__rosidl_typesupport_fastrtps_c.h
[0.742s] -- Up-to-date symlink: /home/techsas/auv_ws/install/auv_interfaces/include/auv_interfaces/auv_interfaces/msg/detail/multi_pid__rosidl_typesupport_fastrtps_c.h
[0.742s] -- Up-to-date symlink: /home/techsas/auv_ws/install/auv_interfaces/include/auv_interfaces/auv_interfaces/msg/detail/object_detection__rosidl_typesupport_fastrtps_c.h
[0.742s] -- Up-to-date symlink: /home/techsas/auv_ws/install/auv_interfaces/include/auv_interfaces/auv_interfaces/msg/detail/object_difference__rosidl_typesupport_fastrtps_c.h
[0.742s] -- Up-to-date symlink: /home/techsas/auv_ws/install/auv_interfaces/include/auv_interfaces/auv_interfaces/msg/detail/orientation__rosidl_typesupport_fastrtps_c.h
[0.742s] -- Up-to-date symlink: /home/techsas/auv_ws/install/auv_interfaces/include/auv_interfaces/auv_interfaces/msg/detail/pid__rosidl_typesupport_fastrtps_c.h
[0.743s] -- Up-to-date symlink: /home/techsas/auv_ws/install/auv_interfaces/include/auv_interfaces/auv_interfaces/msg/detail/pid_vel__rosidl_typesupport_fastrtps_c.h
[0.743s] -- Up-to-date symlink: /home/techsas/auv_ws/install/auv_interfaces/include/auv_interfaces/auv_interfaces/msg/detail/sensor__rosidl_typesupport_fastrtps_c.h
[0.743s] -- Up-to-date symlink: /home/techsas/auv_ws/install/auv_interfaces/include/auv_interfaces/auv_interfaces/msg/detail/set_point__rosidl_typesupport_fastrtps_c.h
[0.743s] -- Up-to-date symlink: /home/techsas/auv_ws/install/auv_interfaces/include/auv_interfaces/auv_interfaces/msg/rosidl_typesupport_fastrtps_c__visibility_control.h
[0.743s] -- Up-to-date symlink: /home/techsas/auv_ws/install/auv_interfaces/include/auv_interfaces/auv_interfaces/msg/detail/actuator__rosidl_typesupport_introspection_c.h
[0.743s] -- Up-to-date symlink: /home/techsas/auv_ws/install/auv_interfaces/include/auv_interfaces/auv_interfaces/msg/detail/arduino_sensor__rosidl_typesupport_introspection_c.h
[0.744s] -- Up-to-date symlink: /home/techsas/auv_ws/install/auv_interfaces/include/auv_interfaces/auv_interfaces/msg/detail/bounding_box__rosidl_typesupport_introspection_c.h
[0.744s] -- Up-to-date symlink: /home/techsas/auv_ws/install/auv_interfaces/include/auv_interfaces/auv_interfaces/msg/detail/error__rosidl_typesupport_introspection_c.h
[0.744s] -- Up-to-date symlink: /home/techsas/auv_ws/install/auv_interfaces/include/auv_interfaces/auv_interfaces/msg/detail/gerak__rosidl_typesupport_introspection_c.h
[0.744s] -- Up-to-date symlink: /home/techsas/auv_ws/install/auv_interfaces/include/auv_interfaces/auv_interfaces/msg/detail/heading__rosidl_typesupport_introspection_c.h
[0.744s] -- Up-to-date symlink: /home/techsas/auv_ws/install/auv_interfaces/include/auv_interfaces/auv_interfaces/msg/detail/is_stable__rosidl_typesupport_introspection_c.h
[0.744s] -- Up-to-date symlink: /home/techsas/auv_ws/install/auv_interfaces/include/auv_interfaces/auv_interfaces/msg/detail/logging__rosidl_typesupport_introspection_c.h
[0.745s] -- Up-to-date symlink: /home/techsas/auv_ws/install/auv_interfaces/include/auv_interfaces/auv_interfaces/msg/detail/manual__rosidl_typesupport_introspection_c.h
[0.745s] -- Up-to-date symlink: /home/techsas/auv_ws/install/auv_interfaces/include/auv_interfaces/auv_interfaces/msg/detail/movement__rosidl_typesupport_introspection_c.h
[0.745s] -- Up-to-date symlink: /home/techsas/auv_ws/install/auv_interfaces/include/auv_interfaces/auv_interfaces/msg/detail/multi_pid__rosidl_typesupport_introspection_c.h
[0.745s] -- Up-to-date symlink: /home/techsas/auv_ws/install/auv_interfaces/include/auv_interfaces/auv_interfaces/msg/detail/object_detection__rosidl_typesupport_introspection_c.h
[0.745s] -- Up-to-date symlink: /home/techsas/auv_ws/install/auv_interfaces/include/auv_interfaces/auv_interfaces/msg/detail/object_difference__rosidl_typesupport_introspection_c.h
[0.746s] -- Up-to-date symlink: /home/techsas/auv_ws/install/auv_interfaces/include/auv_interfaces/auv_interfaces/msg/detail/orientation__rosidl_typesupport_introspection_c.h
[0.746s] -- Up-to-date symlink: /home/techsas/auv_ws/install/auv_interfaces/include/auv_interfaces/auv_interfaces/msg/detail/pid__rosidl_typesupport_introspection_c.h
[0.746s] -- Up-to-date symlink: /home/techsas/auv_ws/install/auv_interfaces/include/auv_interfaces/auv_interfaces/msg/detail/pid_vel__rosidl_typesupport_introspection_c.h
[0.746s] -- Up-to-date symlink: /home/techsas/auv_ws/install/auv_interfaces/include/auv_interfaces/auv_interfaces/msg/detail/sensor__rosidl_typesupport_introspection_c.h
[0.746s] -- Up-to-date symlink: /home/techsas/auv_ws/install/auv_interfaces/include/auv_interfaces/auv_interfaces/msg/detail/set_point__rosidl_typesupport_introspection_c.h
[0.746s] -- Up-to-date symlink: /home/techsas/auv_ws/install/auv_interfaces/include/auv_interfaces/auv_interfaces/msg/rosidl_typesupport_introspection_c__visibility_control.h
[0.747s] -- Up-to-date symlink: /home/techsas/auv_ws/install/auv_interfaces/include/auv_interfaces/auv_interfaces/msg/actuator.hpp
[0.747s] -- Up-to-date symlink: /home/techsas/auv_ws/install/auv_interfaces/include/auv_interfaces/auv_interfaces/msg/arduino_sensor.hpp
[0.747s] -- Up-to-date symlink: /home/techsas/auv_ws/install/auv_interfaces/include/auv_interfaces/auv_interfaces/msg/bounding_box.hpp
[0.747s] -- Up-to-date symlink: /home/techsas/auv_ws/install/auv_interfaces/include/auv_interfaces/auv_interfaces/msg/detail/actuator__builder.hpp
[0.747s] -- Up-to-date symlink: /home/techsas/auv_ws/install/auv_interfaces/include/auv_interfaces/auv_interfaces/msg/detail/actuator__struct.hpp
[0.748s] -- Up-to-date symlink: /home/techsas/auv_ws/install/auv_interfaces/include/auv_interfaces/auv_interfaces/msg/detail/actuator__traits.hpp
[0.748s] -- Up-to-date symlink: /home/techsas/auv_ws/install/auv_interfaces/include/auv_interfaces/auv_interfaces/msg/detail/actuator__type_support.hpp
[0.748s] -- Up-to-date symlink: /home/techsas/auv_ws/install/auv_interfaces/include/auv_interfaces/auv_interfaces/msg/detail/arduino_sensor__builder.hpp
[0.748s] -- Up-to-date symlink: /home/techsas/auv_ws/install/auv_interfaces/include/auv_interfaces/auv_interfaces/msg/detail/arduino_sensor__struct.hpp
[0.748s] -- Up-to-date symlink: /home/techsas/auv_ws/install/auv_interfaces/include/auv_interfaces/auv_interfaces/msg/detail/arduino_sensor__traits.hpp
[0.749s] -- Up-to-date symlink: /home/techsas/auv_ws/install/auv_interfaces/include/auv_interfaces/auv_interfaces/msg/detail/arduino_sensor__type_support.hpp
[0.749s] -- Up-to-date symlink: /home/techsas/auv_ws/install/auv_interfaces/include/auv_interfaces/auv_interfaces/msg/detail/bounding_box__builder.hpp
[0.749s] -- Up-to-date symlink: /home/techsas/auv_ws/install/auv_interfaces/include/auv_interfaces/auv_interfaces/msg/detail/bounding_box__struct.hpp
[0.749s] -- Up-to-date symlink: /home/techsas/auv_ws/install/auv_interfaces/include/auv_interfaces/auv_interfaces/msg/detail/bounding_box__traits.hpp
[0.749s] -- Up-to-date symlink: /home/techsas/auv_ws/install/auv_interfaces/include/auv_interfaces/auv_interfaces/msg/detail/bounding_box__type_support.hpp
[0.749s] -- Up-to-date symlink: /home/techsas/auv_ws/install/auv_interfaces/include/auv_interfaces/auv_interfaces/msg/detail/error__builder.hpp
[0.750s] -- Up-to-date symlink: /home/techsas/auv_ws/install/auv_interfaces/include/auv_interfaces/auv_interfaces/msg/detail/error__struct.hpp
[0.750s] -- Up-to-date symlink: /home/techsas/auv_ws/install/auv_interfaces/include/auv_interfaces/auv_interfaces/msg/detail/error__traits.hpp
[0.750s] -- Up-to-date symlink: /home/techsas/auv_ws/install/auv_interfaces/include/auv_interfaces/auv_interfaces/msg/detail/error__type_support.hpp
[0.750s] -- Up-to-date symlink: /home/techsas/auv_ws/install/auv_interfaces/include/auv_interfaces/auv_interfaces/msg/detail/gerak__builder.hpp
[0.750s] -- Up-to-date symlink: /home/techsas/auv_ws/install/auv_interfaces/include/auv_interfaces/auv_interfaces/msg/detail/gerak__struct.hpp
[0.751s] -- Up-to-date symlink: /home/techsas/auv_ws/install/auv_interfaces/include/auv_interfaces/auv_interfaces/msg/detail/gerak__traits.hpp
[0.751s] -- Up-to-date symlink: /home/techsas/auv_ws/install/auv_interfaces/include/auv_interfaces/auv_interfaces/msg/detail/gerak__type_support.hpp
[0.751s] -- Up-to-date symlink: /home/techsas/auv_ws/install/auv_interfaces/include/auv_interfaces/auv_interfaces/msg/detail/heading__builder.hpp
[0.751s] -- Up-to-date symlink: /home/techsas/auv_ws/install/auv_interfaces/include/auv_interfaces/auv_interfaces/msg/detail/heading__struct.hpp
[0.751s] -- Up-to-date symlink: /home/techsas/auv_ws/install/auv_interfaces/include/auv_interfaces/auv_interfaces/msg/detail/heading__traits.hpp
[0.751s] -- Up-to-date symlink: /home/techsas/auv_ws/install/auv_interfaces/include/auv_interfaces/auv_interfaces/msg/detail/heading__type_support.hpp
[0.752s] -- Up-to-date symlink: /home/techsas/auv_ws/install/auv_interfaces/include/auv_interfaces/auv_interfaces/msg/detail/is_stable__builder.hpp
[0.752s] -- Up-to-date symlink: /home/techsas/auv_ws/install/auv_interfaces/include/auv_interfaces/auv_interfaces/msg/detail/is_stable__struct.hpp
[0.752s] -- Up-to-date symlink: /home/techsas/auv_ws/install/auv_interfaces/include/auv_interfaces/auv_interfaces/msg/detail/is_stable__traits.hpp
[0.752s] -- Up-to-date symlink: /home/techsas/auv_ws/install/auv_interfaces/include/auv_interfaces/auv_interfaces/msg/detail/is_stable__type_support.hpp
[0.752s] -- Up-to-date symlink: /home/techsas/auv_ws/install/auv_interfaces/include/auv_interfaces/auv_interfaces/msg/detail/logging__builder.hpp
[0.753s] -- Up-to-date symlink: /home/techsas/auv_ws/install/auv_interfaces/include/auv_interfaces/auv_interfaces/msg/detail/logging__struct.hpp
[0.753s] -- Up-to-date symlink: /home/techsas/auv_ws/install/auv_interfaces/include/auv_interfaces/auv_interfaces/msg/detail/logging__traits.hpp
[0.753s] -- Up-to-date symlink: /home/techsas/auv_ws/install/auv_interfaces/include/auv_interfaces/auv_interfaces/msg/detail/logging__type_support.hpp
[0.753s] -- Up-to-date symlink: /home/techsas/auv_ws/install/auv_interfaces/include/auv_interfaces/auv_interfaces/msg/detail/manual__builder.hpp
[0.753s] -- Up-to-date symlink: /home/techsas/auv_ws/install/auv_interfaces/include/auv_interfaces/auv_interfaces/msg/detail/manual__struct.hpp
[0.753s] -- Up-to-date symlink: /home/techsas/auv_ws/install/auv_interfaces/include/auv_interfaces/auv_interfaces/msg/detail/manual__traits.hpp
[0.754s] -- Up-to-date symlink: /home/techsas/auv_ws/install/auv_interfaces/include/auv_interfaces/auv_interfaces/msg/detail/manual__type_support.hpp
[0.754s] -- Up-to-date symlink: /home/techsas/auv_ws/install/auv_interfaces/include/auv_interfaces/auv_interfaces/msg/detail/movement__builder.hpp
[0.754s] -- Up-to-date symlink: /home/techsas/auv_ws/install/auv_interfaces/include/auv_interfaces/auv_interfaces/msg/detail/movement__struct.hpp
[0.754s] -- Up-to-date symlink: /home/techsas/auv_ws/install/auv_interfaces/include/auv_interfaces/auv_interfaces/msg/detail/movement__traits.hpp
[0.754s] -- Up-to-date symlink: /home/techsas/auv_ws/install/auv_interfaces/include/auv_interfaces/auv_interfaces/msg/detail/movement__type_support.hpp
[0.755s] -- Up-to-date symlink: /home/techsas/auv_ws/install/auv_interfaces/include/auv_interfaces/auv_interfaces/msg/detail/multi_pid__builder.hpp
[0.755s] -- Up-to-date symlink: /home/techsas/auv_ws/install/auv_interfaces/include/auv_interfaces/auv_interfaces/msg/detail/multi_pid__struct.hpp
[0.755s] -- Up-to-date symlink: /home/techsas/auv_ws/install/auv_interfaces/include/auv_interfaces/auv_interfaces/msg/detail/multi_pid__traits.hpp
[0.755s] -- Up-to-date symlink: /home/techsas/auv_ws/install/auv_interfaces/include/auv_interfaces/auv_interfaces/msg/detail/multi_pid__type_support.hpp
[0.755s] -- Up-to-date symlink: /home/techsas/auv_ws/install/auv_interfaces/include/auv_interfaces/auv_interfaces/msg/detail/object_detection__builder.hpp
[0.755s] -- Up-to-date symlink: /home/techsas/auv_ws/install/auv_interfaces/include/auv_interfaces/auv_interfaces/msg/detail/object_detection__struct.hpp
[0.756s] -- Up-to-date symlink: /home/techsas/auv_ws/install/auv_interfaces/include/auv_interfaces/auv_interfaces/msg/detail/object_detection__traits.hpp
[0.756s] -- Up-to-date symlink: /home/techsas/auv_ws/install/auv_interfaces/include/auv_interfaces/auv_interfaces/msg/detail/object_detection__type_support.hpp
[0.756s] -- Up-to-date symlink: /home/techsas/auv_ws/install/auv_interfaces/include/auv_interfaces/auv_interfaces/msg/detail/object_difference__builder.hpp
[0.756s] -- Up-to-date symlink: /home/techsas/auv_ws/install/auv_interfaces/include/auv_interfaces/auv_interfaces/msg/detail/object_difference__struct.hpp
[0.756s] -- Up-to-date symlink: /home/techsas/auv_ws/install/auv_interfaces/include/auv_interfaces/auv_interfaces/msg/detail/object_difference__traits.hpp
[0.757s] -- Up-to-date symlink: /home/techsas/auv_ws/install/auv_interfaces/include/auv_interfaces/auv_interfaces/msg/detail/object_difference__type_support.hpp
[0.757s] -- Up-to-date symlink: /home/techsas/auv_ws/install/auv_interfaces/include/auv_interfaces/auv_interfaces/msg/detail/orientation__builder.hpp
[0.757s] -- Up-to-date symlink: /home/techsas/auv_ws/install/auv_interfaces/include/auv_interfaces/auv_interfaces/msg/detail/orientation__struct.hpp
[0.757s] -- Up-to-date symlink: /home/techsas/auv_ws/install/auv_interfaces/include/auv_interfaces/auv_interfaces/msg/detail/orientation__traits.hpp
[0.757s] -- Up-to-date symlink: /home/techsas/auv_ws/install/auv_interfaces/include/auv_interfaces/auv_interfaces/msg/detail/orientation__type_support.hpp
[0.757s] -- Up-to-date symlink: /home/techsas/auv_ws/install/auv_interfaces/include/auv_interfaces/auv_interfaces/msg/detail/pid__builder.hpp
[0.758s] -- Up-to-date symlink: /home/techsas/auv_ws/install/auv_interfaces/include/auv_interfaces/auv_interfaces/msg/detail/pid__struct.hpp
[0.758s] -- Up-to-date symlink: /home/techsas/auv_ws/install/auv_interfaces/include/auv_interfaces/auv_interfaces/msg/detail/pid__traits.hpp
[0.758s] -- Up-to-date symlink: /home/techsas/auv_ws/install/auv_interfaces/include/auv_interfaces/auv_interfaces/msg/detail/pid__type_support.hpp
[0.758s] -- Up-to-date symlink: /home/techsas/auv_ws/install/auv_interfaces/include/auv_interfaces/auv_interfaces/msg/detail/pid_vel__builder.hpp
[0.758s] -- Up-to-date symlink: /home/techsas/auv_ws/install/auv_interfaces/include/auv_interfaces/auv_interfaces/msg/detail/pid_vel__struct.hpp
[0.758s] -- Up-to-date symlink: /home/techsas/auv_ws/install/auv_interfaces/include/auv_interfaces/auv_interfaces/msg/detail/pid_vel__traits.hpp
[0.759s] -- Up-to-date symlink: /home/techsas/auv_ws/install/auv_interfaces/include/auv_interfaces/auv_interfaces/msg/detail/pid_vel__type_support.hpp
[0.759s] -- Up-to-date symlink: /home/techsas/auv_ws/install/auv_interfaces/include/auv_interfaces/auv_interfaces/msg/detail/sensor__builder.hpp
[0.759s] -- Up-to-date symlink: /home/techsas/auv_ws/install/auv_interfaces/include/auv_interfaces/auv_interfaces/msg/detail/sensor__struct.hpp
[0.759s] -- Up-to-date symlink: /home/techsas/auv_ws/install/auv_interfaces/include/auv_interfaces/auv_interfaces/msg/detail/sensor__traits.hpp
[0.759s] -- Up-to-date symlink: /home/techsas/auv_ws/install/auv_interfaces/include/auv_interfaces/auv_interfaces/msg/detail/sensor__type_support.hpp
[0.759s] -- Up-to-date symlink: /home/techsas/auv_ws/install/auv_interfaces/include/auv_interfaces/auv_interfaces/msg/detail/set_point__builder.hpp
[0.759s] -- Up-to-date symlink: /home/techsas/auv_ws/install/auv_interfaces/include/auv_interfaces/auv_interfaces/msg/detail/set_point__struct.hpp
[0.760s] -- Up-to-date symlink: /home/techsas/auv_ws/install/auv_interfaces/include/auv_interfaces/auv_interfaces/msg/detail/set_point__traits.hpp
[0.760s] -- Up-to-date symlink: /home/techsas/auv_ws/install/auv_interfaces/include/auv_interfaces/auv_interfaces/msg/detail/set_point__type_support.hpp
[0.760s] -- Up-to-date symlink: /home/techsas/auv_ws/install/auv_interfaces/include/auv_interfaces/auv_interfaces/msg/error.hpp
[0.760s] -- Up-to-date symlink: /home/techsas/auv_ws/install/auv_interfaces/include/auv_interfaces/auv_interfaces/msg/gerak.hpp
[0.760s] -- Up-to-date symlink: /home/techsas/auv_ws/install/auv_interfaces/include/auv_interfaces/auv_interfaces/msg/heading.hpp
[0.760s] -- Up-to-date symlink: /home/techsas/auv_ws/install/auv_interfaces/include/auv_interfaces/auv_interfaces/msg/is_stable.hpp
[0.761s] -- Up-to-date symlink: /home/techsas/auv_ws/install/auv_interfaces/include/auv_interfaces/auv_interfaces/msg/logging.hpp
[0.761s] -- Up-to-date symlink: /home/techsas/auv_ws/install/auv_interfaces/include/auv_interfaces/auv_interfaces/msg/manual.hpp
[0.761s] -- Up-to-date symlink: /home/techsas/auv_ws/install/auv_interfaces/include/auv_interfaces/auv_interfaces/msg/movement.hpp
[0.761s] -- Up-to-date symlink: /home/techsas/auv_ws/install/auv_interfaces/include/auv_interfaces/auv_interfaces/msg/multi_pid.hpp
[0.761s] -- Up-to-date symlink: /home/techsas/auv_ws/install/auv_interfaces/include/auv_interfaces/auv_interfaces/msg/object_detection.hpp
[0.762s] -- Up-to-date symlink: /home/techsas/auv_ws/install/auv_interfaces/include/auv_interfaces/auv_interfaces/msg/object_difference.hpp
[0.762s] -- Up-to-date symlink: /home/techsas/auv_ws/install/auv_interfaces/include/auv_interfaces/auv_interfaces/msg/orientation.hpp
[0.762s] -- Up-to-date symlink: /home/techsas/auv_ws/install/auv_interfaces/include/auv_interfaces/auv_interfaces/msg/pid.hpp
[0.762s] -- Up-to-date symlink: /home/techsas/auv_ws/install/auv_interfaces/include/auv_interfaces/auv_interfaces/msg/pid_vel.hpp
[0.762s] -- Up-to-date symlink: /home/techsas/auv_ws/install/auv_interfaces/include/auv_interfaces/auv_interfaces/msg/rosidl_generator_cpp__visibility_control.hpp
[0.762s] -- Up-to-date symlink: /home/techsas/auv_ws/install/auv_interfaces/include/auv_interfaces/auv_interfaces/msg/sensor.hpp
[0.763s] -- Up-to-date symlink: /home/techsas/auv_ws/install/auv_interfaces/include/auv_interfaces/auv_interfaces/msg/set_point.hpp
[0.763s] -- Up-to-date symlink: /home/techsas/auv_ws/install/auv_interfaces/include/auv_interfaces/auv_interfaces/msg/detail/actuator__rosidl_typesupport_fastrtps_cpp.hpp
[0.763s] -- Up-to-date symlink: /home/techsas/auv_ws/install/auv_interfaces/include/auv_interfaces/auv_interfaces/msg/detail/arduino_sensor__rosidl_typesupport_fastrtps_cpp.hpp
[0.763s] -- Up-to-date symlink: /home/techsas/auv_ws/install/auv_interfaces/include/auv_interfaces/auv_interfaces/msg/detail/bounding_box__rosidl_typesupport_fastrtps_cpp.hpp
[0.763s] -- Up-to-date symlink: /home/techsas/auv_ws/install/auv_interfaces/include/auv_interfaces/auv_interfaces/msg/detail/error__rosidl_typesupport_fastrtps_cpp.hpp
[0.763s] -- Up-to-date symlink: /home/techsas/auv_ws/install/auv_interfaces/include/auv_interfaces/auv_interfaces/msg/detail/gerak__rosidl_typesupport_fastrtps_cpp.hpp
[0.763s] -- Up-to-date symlink: /home/techsas/auv_ws/install/auv_interfaces/include/auv_interfaces/auv_interfaces/msg/detail/heading__rosidl_typesupport_fastrtps_cpp.hpp
[0.764s] -- Up-to-date symlink: /home/techsas/auv_ws/install/auv_interfaces/include/auv_interfaces/auv_interfaces/msg/detail/is_stable__rosidl_typesupport_fastrtps_cpp.hpp
[0.764s] -- Up-to-date symlink: /home/techsas/auv_ws/install/auv_interfaces/include/auv_interfaces/auv_interfaces/msg/detail/logging__rosidl_typesupport_fastrtps_cpp.hpp
[0.764s] -- Up-to-date symlink: /home/techsas/auv_ws/install/auv_interfaces/include/auv_interfaces/auv_interfaces/msg/detail/manual__rosidl_typesupport_fastrtps_cpp.hpp
[0.764s] -- Up-to-date symlink: /home/techsas/auv_ws/install/auv_interfaces/include/auv_interfaces/auv_interfaces/msg/detail/movement__rosidl_typesupport_fastrtps_cpp.hpp
[0.764s] -- Up-to-date symlink: /home/techsas/auv_ws/install/auv_interfaces/include/auv_interfaces/auv_interfaces/msg/detail/multi_pid__rosidl_typesupport_fastrtps_cpp.hpp
[0.764s] -- Up-to-date symlink: /home/techsas/auv_ws/install/auv_interfaces/include/auv_interfaces/auv_interfaces/msg/detail/object_detection__rosidl_typesupport_fastrtps_cpp.hpp
[0.765s] -- Up-to-date symlink: /home/techsas/auv_ws/install/auv_interfaces/include/auv_interfaces/auv_interfaces/msg/detail/object_difference__rosidl_typesupport_fastrtps_cpp.hpp
[0.765s] -- Up-to-date symlink: /home/techsas/auv_ws/install/auv_interfaces/include/auv_interfaces/auv_interfaces/msg/detail/orientation__rosidl_typesupport_fastrtps_cpp.hpp
[0.765s] -- Up-to-date symlink: /home/techsas/auv_ws/install/auv_interfaces/include/auv_interfaces/auv_interfaces/msg/detail/pid__rosidl_typesupport_fastrtps_cpp.hpp
[0.765s] -- Up-to-date symlink: /home/techsas/auv_ws/install/auv_interfaces/include/auv_interfaces/auv_interfaces/msg/detail/pid_vel__rosidl_typesupport_fastrtps_cpp.hpp
[0.765s] -- Up-to-date symlink: /home/techsas/auv_ws/install/auv_interfaces/include/auv_interfaces/auv_interfaces/msg/detail/sensor__rosidl_typesupport_fastrtps_cpp.hpp
[0.765s] -- Up-to-date symlink: /home/techsas/auv_ws/install/auv_interfaces/include/auv_interfaces/auv_interfaces/msg/detail/set_point__rosidl_typesupport_fastrtps_cpp.hpp
[0.766s] -- Up-to-date symlink: /home/techsas/auv_ws/install/auv_interfaces/include/auv_interfaces/auv_interfaces/msg/rosidl_typesupport_fastrtps_cpp__visibility_control.h
[0.766s] -- Up-to-date symlink: /home/techsas/auv_ws/install/auv_interfaces/include/auv_interfaces/auv_interfaces/msg/detail/actuator__rosidl_typesupport_introspection_cpp.hpp
[0.766s] -- Up-to-date symlink: /home/techsas/auv_ws/install/auv_interfaces/include/auv_interfaces/auv_interfaces/msg/detail/arduino_sensor__rosidl_typesupport_introspection_cpp.hpp
[0.766s] -- Up-to-date symlink: /home/techsas/auv_ws/install/auv_interfaces/include/auv_interfaces/auv_interfaces/msg/detail/bounding_box__rosidl_typesupport_introspection_cpp.hpp
[0.766s] -- Up-to-date symlink: /home/techsas/auv_ws/install/auv_interfaces/include/auv_interfaces/auv_interfaces/msg/detail/error__rosidl_typesupport_introspection_cpp.hpp
[0.767s] -- Up-to-date symlink: /home/techsas/auv_ws/install/auv_interfaces/include/auv_interfaces/auv_interfaces/msg/detail/gerak__rosidl_typesupport_introspection_cpp.hpp
[0.767s] -- Up-to-date symlink: /home/techsas/auv_ws/install/auv_interfaces/include/auv_interfaces/auv_interfaces/msg/detail/heading__rosidl_typesupport_introspection_cpp.hpp
[0.767s] -- Up-to-date symlink: /home/techsas/auv_ws/install/auv_interfaces/include/auv_interfaces/auv_interfaces/msg/detail/is_stable__rosidl_typesupport_introspection_cpp.hpp
[0.767s] -- Up-to-date symlink: /home/techsas/auv_ws/install/auv_interfaces/include/auv_interfaces/auv_interfaces/msg/detail/logging__rosidl_typesupport_introspection_cpp.hpp
[0.767s] -- Up-to-date symlink: /home/techsas/auv_ws/install/auv_interfaces/include/auv_interfaces/auv_interfaces/msg/detail/manual__rosidl_typesupport_introspection_cpp.hpp
[0.767s] -- Up-to-date symlink: /home/techsas/auv_ws/install/auv_interfaces/include/auv_interfaces/auv_interfaces/msg/detail/movement__rosidl_typesupport_introspection_cpp.hpp
[0.767s] -- Up-to-date symlink: /home/techsas/auv_ws/install/auv_interfaces/include/auv_interfaces/auv_interfaces/msg/detail/multi_pid__rosidl_typesupport_introspection_cpp.hpp
[0.768s] -- Up-to-date symlink: /home/techsas/auv_ws/install/auv_interfaces/include/auv_interfaces/auv_interfaces/msg/detail/object_detection__rosidl_typesupport_introspection_cpp.hpp
[0.768s] -- Up-to-date symlink: /home/techsas/auv_ws/install/auv_interfaces/include/auv_interfaces/auv_interfaces/msg/detail/object_difference__rosidl_typesupport_introspection_cpp.hpp
[0.768s] -- Up-to-date symlink: /home/techsas/auv_ws/install/auv_interfaces/include/auv_interfaces/auv_interfaces/msg/detail/orientation__rosidl_typesupport_introspection_cpp.hpp
[0.768s] -- Up-to-date symlink: /home/techsas/auv_ws/install/auv_interfaces/include/auv_interfaces/auv_interfaces/msg/detail/pid__rosidl_typesupport_introspection_cpp.hpp
[0.768s] -- Up-to-date symlink: /home/techsas/auv_ws/install/auv_interfaces/include/auv_interfaces/auv_interfaces/msg/detail/pid_vel__rosidl_typesupport_introspection_cpp.hpp
[0.768s] -- Up-to-date symlink: /home/techsas/auv_ws/install/auv_interfaces/include/auv_interfaces/auv_interfaces/msg/detail/sensor__rosidl_typesupport_introspection_cpp.hpp
[0.769s] -- Up-to-date symlink: /home/techsas/auv_ws/install/auv_interfaces/include/auv_interfaces/auv_interfaces/msg/detail/set_point__rosidl_typesupport_introspection_cpp.hpp
[0.769s] -- Up-to-date symlink: /home/techsas/auv_ws/install/auv_interfaces/share/auv_interfaces/environment/pythonpath.sh
[0.769s] -- Up-to-date symlink: /home/techsas/auv_ws/install/auv_interfaces/share/auv_interfaces/environment/pythonpath.dsv
[0.769s] -- Up-to-date symlink: /home/techsas/auv_ws/install/auv_interfaces/local/lib/python3.10/dist-packages/auv_interfaces-0.0.0-py3.10.egg-info/PKG-INFO
[0.769s] -- Up-to-date symlink: /home/techsas/auv_ws/install/auv_interfaces/local/lib/python3.10/dist-packages/auv_interfaces-0.0.0-py3.10.egg-info/SOURCES.txt
[0.769s] -- Up-to-date symlink: /home/techsas/auv_ws/install/auv_interfaces/local/lib/python3.10/dist-packages/auv_interfaces-0.0.0-py3.10.egg-info/dependency_links.txt
[0.769s] -- Up-to-date symlink: /home/techsas/auv_ws/install/auv_interfaces/local/lib/python3.10/dist-packages/auv_interfaces-0.0.0-py3.10.egg-info/top_level.txt
[0.770s] -- Up-to-date symlink: /home/techsas/auv_ws/install/auv_interfaces/local/lib/python3.10/dist-packages/auv_interfaces/__init__.py
[0.770s] -- Up-to-date symlink: /home/techsas/auv_ws/install/auv_interfaces/local/lib/python3.10/dist-packages/auv_interfaces/_auv_interfaces_s.ep.rosidl_typesupport_c.c
[0.770s] -- Up-to-date symlink: /home/techsas/auv_ws/install/auv_interfaces/local/lib/python3.10/dist-packages/auv_interfaces/_auv_interfaces_s.ep.rosidl_typesupport_fastrtps_c.c
[0.770s] -- Up-to-date symlink: /home/techsas/auv_ws/install/auv_interfaces/local/lib/python3.10/dist-packages/auv_interfaces/_auv_interfaces_s.ep.rosidl_typesupport_introspection_c.c
[0.770s] -- Up-to-date symlink: /home/techsas/auv_ws/install/auv_interfaces/local/lib/python3.10/dist-packages/auv_interfaces/auv_interfaces_s__rosidl_typesupport_c.cpython-310-aarch64-linux-gnu.so
[0.770s] -- Up-to-date symlink: /home/techsas/auv_ws/install/auv_interfaces/local/lib/python3.10/dist-packages/auv_interfaces/auv_interfaces_s__rosidl_typesupport_fastrtps_c.cpython-310-aarch64-linux-gnu.so
[0.770s] -- Up-to-date symlink: /home/techsas/auv_ws/install/auv_interfaces/local/lib/python3.10/dist-packages/auv_interfaces/auv_interfaces_s__rosidl_typesupport_introspection_c.cpython-310-aarch64-linux-gnu.so
[0.771s] -- Up-to-date symlink: /home/techsas/auv_ws/install/auv_interfaces/local/lib/python3.10/dist-packages/auv_interfaces/libauv_interfaces__rosidl_generator_py.so
[0.771s] -- Up-to-date symlink: /home/techsas/auv_ws/install/auv_interfaces/local/lib/python3.10/dist-packages/auv_interfaces/msg/__init__.py
[0.771s] -- Up-to-date symlink: /home/techsas/auv_ws/install/auv_interfaces/local/lib/python3.10/dist-packages/auv_interfaces/msg/_actuator.py
[0.771s] -- Up-to-date symlink: /home/techsas/auv_ws/install/auv_interfaces/local/lib/python3.10/dist-packages/auv_interfaces/msg/_actuator_s.c
[0.771s] -- Up-to-date symlink: /home/techsas/auv_ws/install/auv_interfaces/local/lib/python3.10/dist-packages/auv_interfaces/msg/_arduino_sensor.py
[0.771s] -- Up-to-date symlink: /home/techsas/auv_ws/install/auv_interfaces/local/lib/python3.10/dist-packages/auv_interfaces/msg/_arduino_sensor_s.c
[0.771s] -- Up-to-date symlink: /home/techsas/auv_ws/install/auv_interfaces/local/lib/python3.10/dist-packages/auv_interfaces/msg/_bounding_box.py
[0.772s] -- Up-to-date symlink: /home/techsas/auv_ws/install/auv_interfaces/local/lib/python3.10/dist-packages/auv_interfaces/msg/_bounding_box_s.c
[0.772s] -- Up-to-date symlink: /home/techsas/auv_ws/install/auv_interfaces/local/lib/python3.10/dist-packages/auv_interfaces/msg/_error.py
[0.772s] -- Up-to-date symlink: /home/techsas/auv_ws/install/auv_interfaces/local/lib/python3.10/dist-packages/auv_interfaces/msg/_error_s.c
[0.772s] -- Up-to-date symlink: /home/techsas/auv_ws/install/auv_interfaces/local/lib/python3.10/dist-packages/auv_interfaces/msg/_gerak.py
[0.772s] -- Up-to-date symlink: /home/techsas/auv_ws/install/auv_interfaces/local/lib/python3.10/dist-packages/auv_interfaces/msg/_gerak_s.c
[0.772s] -- Up-to-date symlink: /home/techsas/auv_ws/install/auv_interfaces/local/lib/python3.10/dist-packages/auv_interfaces/msg/_heading.py
[0.773s] -- Up-to-date symlink: /home/techsas/auv_ws/install/auv_interfaces/local/lib/python3.10/dist-packages/auv_interfaces/msg/_heading_s.c
[0.773s] -- Up-to-date symlink: /home/techsas/auv_ws/install/auv_interfaces/local/lib/python3.10/dist-packages/auv_interfaces/msg/_is_stable.py
[0.773s] -- Up-to-date symlink: /home/techsas/auv_ws/install/auv_interfaces/local/lib/python3.10/dist-packages/auv_interfaces/msg/_is_stable_s.c
[0.773s] -- Up-to-date symlink: /home/techsas/auv_ws/install/auv_interfaces/local/lib/python3.10/dist-packages/auv_interfaces/msg/_logging.py
[0.773s] -- Up-to-date symlink: /home/techsas/auv_ws/install/auv_interfaces/local/lib/python3.10/dist-packages/auv_interfaces/msg/_logging_s.c
[0.773s] -- Up-to-date symlink: /home/techsas/auv_ws/install/auv_interfaces/local/lib/python3.10/dist-packages/auv_interfaces/msg/_manual.py
[0.773s] -- Up-to-date symlink: /home/techsas/auv_ws/install/auv_interfaces/local/lib/python3.10/dist-packages/auv_interfaces/msg/_manual_s.c
[0.774s] -- Up-to-date symlink: /home/techsas/auv_ws/install/auv_interfaces/local/lib/python3.10/dist-packages/auv_interfaces/msg/_movement.py
[0.774s] -- Up-to-date symlink: /home/techsas/auv_ws/install/auv_interfaces/local/lib/python3.10/dist-packages/auv_interfaces/msg/_movement_s.c
[0.774s] -- Up-to-date symlink: /home/techsas/auv_ws/install/auv_interfaces/local/lib/python3.10/dist-packages/auv_interfaces/msg/_multi_pid.py
[0.774s] -- Up-to-date symlink: /home/techsas/auv_ws/install/auv_interfaces/local/lib/python3.10/dist-packages/auv_interfaces/msg/_multi_pid_s.c
[0.774s] -- Up-to-date symlink: /home/techsas/auv_ws/install/auv_interfaces/local/lib/python3.10/dist-packages/auv_interfaces/msg/_object_detection.py
[0.774s] -- Up-to-date symlink: /home/techsas/auv_ws/install/auv_interfaces/local/lib/python3.10/dist-packages/auv_interfaces/msg/_object_detection_s.c
[0.775s] -- Up-to-date symlink: /home/techsas/auv_ws/install/auv_interfaces/local/lib/python3.10/dist-packages/auv_interfaces/msg/_object_difference.py
[0.775s] -- Up-to-date symlink: /home/techsas/auv_ws/install/auv_interfaces/local/lib/python3.10/dist-packages/auv_interfaces/msg/_object_difference_s.c
[0.775s] -- Up-to-date symlink: /home/techsas/auv_ws/install/auv_interfaces/local/lib/python3.10/dist-packages/auv_interfaces/msg/_orientation.py
[0.775s] -- Up-to-date symlink: /home/techsas/auv_ws/install/auv_interfaces/local/lib/python3.10/dist-packages/auv_interfaces/msg/_orientation_s.c
[0.775s] -- Up-to-date symlink: /home/techsas/auv_ws/install/auv_interfaces/local/lib/python3.10/dist-packages/auv_interfaces/msg/_pid.py
[0.775s] -- Up-to-date symlink: /home/techsas/auv_ws/install/auv_interfaces/local/lib/python3.10/dist-packages/auv_interfaces/msg/_pid_s.c
[0.775s] -- Up-to-date symlink: /home/techsas/auv_ws/install/auv_interfaces/local/lib/python3.10/dist-packages/auv_interfaces/msg/_pid_vel.py
[0.776s] -- Up-to-date symlink: /home/techsas/auv_ws/install/auv_interfaces/local/lib/python3.10/dist-packages/auv_interfaces/msg/_pid_vel_s.c
[0.776s] -- Up-to-date symlink: /home/techsas/auv_ws/install/auv_interfaces/local/lib/python3.10/dist-packages/auv_interfaces/msg/_sensor.py
[0.776s] -- Up-to-date symlink: /home/techsas/auv_ws/install/auv_interfaces/local/lib/python3.10/dist-packages/auv_interfaces/msg/_sensor_s.c
[0.776s] -- Up-to-date symlink: /home/techsas/auv_ws/install/auv_interfaces/local/lib/python3.10/dist-packages/auv_interfaces/msg/_set_point.py
[0.776s] -- Up-to-date symlink: /home/techsas/auv_ws/install/auv_interfaces/local/lib/python3.10/dist-packages/auv_interfaces/msg/_set_point_s.c
[0.777s] -- Up-to-date symlink: /home/techsas/auv_ws/install/auv_interfaces/local/lib/python3.10/dist-packages/auv_interfaces/auv_interfaces_s__rosidl_typesupport_fastrtps_c.cpython-310-aarch64-linux-gnu.so
[0.777s] -- Up-to-date symlink: /home/techsas/auv_ws/install/auv_interfaces/local/lib/python3.10/dist-packages/auv_interfaces/auv_interfaces_s__rosidl_typesupport_introspection_c.cpython-310-aarch64-linux-gnu.so
[0.777s] -- Up-to-date symlink: /home/techsas/auv_ws/install/auv_interfaces/local/lib/python3.10/dist-packages/auv_interfaces/auv_interfaces_s__rosidl_typesupport_c.cpython-310-aarch64-linux-gnu.so
[0.778s] -- Up-to-date symlink: /home/techsas/auv_ws/install/auv_interfaces/share/ament_index/resource_index/rust_packages/auv_interfaces
[0.778s] -- Up-to-date symlink: /home/techsas/auv_ws/install/auv_interfaces/share/auv_interfaces/rust/Cargo.toml
[0.778s] -- Up-to-date symlink: /home/techsas/auv_ws/install/auv_interfaces/share/auv_interfaces/rust/build.rs
[0.778s] -- Up-to-date symlink: /home/techsas/auv_ws/install/auv_interfaces/share/auv_interfaces/rust/src/lib.rs
[0.779s] -- Up-to-date symlink: /home/techsas/auv_ws/install/auv_interfaces/share/auv_interfaces/rust/src/msg.rs
[0.779s] -- Up-to-date symlink: /home/techsas/auv_ws/install/auv_interfaces/share/auv_interfaces/rust/src/msg/rmw.rs
[0.779s] -- Up-to-date symlink: /home/techsas/auv_ws/install/auv_interfaces/share/auv_interfaces/msg/Actuator.idl
[0.779s] -- Up-to-date symlink: /home/techsas/auv_ws/install/auv_interfaces/share/auv_interfaces/msg/ArduinoSensor.idl
[0.779s] -- Up-to-date symlink: /home/techsas/auv_ws/install/auv_interfaces/share/auv_interfaces/msg/BoundingBox.idl
[0.780s] -- Up-to-date symlink: /home/techsas/auv_ws/install/auv_interfaces/share/auv_interfaces/msg/Error.idl
[0.780s] -- Up-to-date symlink: /home/techsas/auv_ws/install/auv_interfaces/share/auv_interfaces/msg/Gerak.idl
[0.780s] -- Up-to-date symlink: /home/techsas/auv_ws/install/auv_interfaces/share/auv_interfaces/msg/Heading.idl
[0.780s] -- Up-to-date symlink: /home/techsas/auv_ws/install/auv_interfaces/share/auv_interfaces/msg/IsStable.idl
[0.780s] -- Up-to-date symlink: /home/techsas/auv_ws/install/auv_interfaces/share/auv_interfaces/msg/Logging.idl
[0.781s] -- Up-to-date symlink: /home/techsas/auv_ws/install/auv_interfaces/share/auv_interfaces/msg/Manual.idl
[0.781s] -- Up-to-date symlink: /home/techsas/auv_ws/install/auv_interfaces/share/auv_interfaces/msg/Movement.idl
[0.781s] -- Up-to-date symlink: /home/techsas/auv_ws/install/auv_interfaces/share/auv_interfaces/msg/MultiPID.idl
[0.781s] -- Up-to-date symlink: /home/techsas/auv_ws/install/auv_interfaces/share/auv_interfaces/msg/ObjectDetection.idl
[0.782s] -- Up-to-date symlink: /home/techsas/auv_ws/install/auv_interfaces/share/auv_interfaces/msg/ObjectDifference.idl
[0.782s] -- Up-to-date symlink: /home/techsas/auv_ws/install/auv_interfaces/share/auv_interfaces/msg/Orientation.idl
[0.782s] -- Up-to-date symlink: /home/techsas/auv_ws/install/auv_interfaces/share/auv_interfaces/msg/PID.idl
[0.782s] -- Up-to-date symlink: /home/techsas/auv_ws/install/auv_interfaces/share/auv_interfaces/msg/PIDVel.idl
[0.782s] -- Up-to-date symlink: /home/techsas/auv_ws/install/auv_interfaces/share/auv_interfaces/msg/Sensor.idl
[0.782s] -- Up-to-date symlink: /home/techsas/auv_ws/install/auv_interfaces/share/auv_interfaces/msg/SetPoint.idl
[0.783s] -- Up-to-date symlink: /home/techsas/auv_ws/install/auv_interfaces/share/auv_interfaces/msg/Actuator.msg
[0.783s] -- Up-to-date symlink: /home/techsas/auv_ws/install/auv_interfaces/share/auv_interfaces/msg/ArduinoSensor.msg
[0.783s] -- Up-to-date symlink: /home/techsas/auv_ws/install/auv_interfaces/share/auv_interfaces/msg/BoundingBox.msg
[0.783s] -- Up-to-date symlink: /home/techsas/auv_ws/install/auv_interfaces/share/auv_interfaces/msg/Error.msg
[0.783s] -- Up-to-date symlink: /home/techsas/auv_ws/install/auv_interfaces/share/auv_interfaces/msg/Gerak.msg
[0.784s] -- Up-to-date symlink: /home/techsas/auv_ws/install/auv_interfaces/share/auv_interfaces/msg/Heading.msg
[0.784s] -- Up-to-date symlink: /home/techsas/auv_ws/install/auv_interfaces/share/auv_interfaces/msg/IsStable.msg
[0.784s] -- Up-to-date symlink: /home/techsas/auv_ws/install/auv_interfaces/share/auv_interfaces/msg/Logging.msg
[0.784s] -- Up-to-date symlink: /home/techsas/auv_ws/install/auv_interfaces/share/auv_interfaces/msg/Manual.msg
[0.784s] -- Up-to-date symlink: /home/techsas/auv_ws/install/auv_interfaces/share/auv_interfaces/msg/Movement.msg
[0.785s] -- Up-to-date symlink: /home/techsas/auv_ws/install/auv_interfaces/share/auv_interfaces/msg/MultiPID.msg
[0.785s] -- Up-to-date symlink: /home/techsas/auv_ws/install/auv_interfaces/share/auv_interfaces/msg/ObjectDetection.msg
[0.785s] -- Up-to-date symlink: /home/techsas/auv_ws/install/auv_interfaces/share/auv_interfaces/msg/ObjectDifference.msg
[0.785s] -- Up-to-date symlink: /home/techsas/auv_ws/install/auv_interfaces/share/auv_interfaces/msg/Orientation.msg
[0.785s] -- Up-to-date symlink: /home/techsas/auv_ws/install/auv_interfaces/share/auv_interfaces/msg/PID.msg
[0.786s] -- Up-to-date symlink: /home/techsas/auv_ws/install/auv_interfaces/share/auv_interfaces/msg/PIDVel.msg
[0.786s] -- Up-to-date symlink: /home/techsas/auv_ws/install/auv_interfaces/share/auv_interfaces/msg/Sensor.msg
[0.786s] -- Up-to-date symlink: /home/techsas/auv_ws/install/auv_interfaces/share/auv_interfaces/msg/SetPoint.msg
[0.786s] -- Up-to-date symlink: /home/techsas/auv_ws/install/auv_interfaces/share/ament_index/resource_index/package_run_dependencies/auv_interfaces
[0.786s] -- Up-to-date symlink: /home/techsas/auv_ws/install/auv_interfaces/share/ament_index/resource_index/parent_prefix_path/auv_interfaces
[0.787s] -- Up-to-date symlink: /home/techsas/auv_ws/install/auv_interfaces/share/auv_interfaces/environment/ament_prefix_path.sh
[0.787s] -- Up-to-date symlink: /home/techsas/auv_ws/install/auv_interfaces/share/auv_interfaces/environment/ament_prefix_path.dsv
[0.787s] -- Up-to-date symlink: /home/techsas/auv_ws/install/auv_interfaces/share/auv_interfaces/environment/path.sh
[0.787s] -- Up-to-date symlink: /home/techsas/auv_ws/install/auv_interfaces/share/auv_interfaces/environment/path.dsv
[0.787s] -- Up-to-date symlink: /home/techsas/auv_ws/install/auv_interfaces/share/auv_interfaces/local_setup.bash
[0.788s] -- Up-to-date symlink: /home/techsas/auv_ws/install/auv_interfaces/share/auv_interfaces/local_setup.sh
[0.788s] -- Up-to-date symlink: /home/techsas/auv_ws/install/auv_interfaces/share/auv_interfaces/local_setup.zsh
[0.788s] -- Up-to-date symlink: /home/techsas/auv_ws/install/auv_interfaces/share/auv_interfaces/local_setup.dsv
[0.788s] -- Symlinking: /home/techsas/auv_ws/install/auv_interfaces/share/auv_interfaces/package.dsv
[0.804s] -- Up-to-date symlink: /home/techsas/auv_ws/install/auv_interfaces/share/ament_index/resource_index/packages/auv_interfaces
[0.805s] -- Up-to-date symlink: /home/techsas/auv_ws/install/auv_interfaces/share/auv_interfaces/cmake/rosidl_cmake-extras.cmake
[0.805s] -- Up-to-date symlink: /home/techsas/auv_ws/install/auv_interfaces/share/auv_interfaces/cmake/ament_cmake_export_dependencies-extras.cmake
[0.805s] -- Up-to-date symlink: /home/techsas/auv_ws/install/auv_interfaces/share/auv_interfaces/cmake/ament_cmake_export_include_directories-extras.cmake
[0.805s] -- Up-to-date symlink: /home/techsas/auv_ws/install/auv_interfaces/share/auv_interfaces/cmake/ament_cmake_export_libraries-extras.cmake
[0.805s] -- Up-to-date symlink: /home/techsas/auv_ws/install/auv_interfaces/share/auv_interfaces/cmake/ament_cmake_export_targets-extras.cmake
[0.805s] -- Up-to-date symlink: /home/techsas/auv_ws/install/auv_interfaces/share/auv_interfaces/cmake/rosidl_cmake_export_typesupport_targets-extras.cmake
[0.806s] -- Up-to-date symlink: /home/techsas/auv_ws/install/auv_interfaces/share/auv_interfaces/cmake/rosidl_cmake_export_typesupport_libraries-extras.cmake
[0.806s] -- Up-to-date symlink: /home/techsas/auv_ws/install/auv_interfaces/share/auv_interfaces/cmake/auv_interfacesConfig.cmake
[0.806s] -- Up-to-date symlink: /home/techsas/auv_ws/install/auv_interfaces/share/auv_interfaces/cmake/auv_interfacesConfig-version.cmake
[0.806s] -- Up-to-date symlink: /home/techsas/auv_ws/install/auv_interfaces/share/auv_interfaces/package.xml
[0.807s] -- Up-to-date: /home/techsas/auv_ws/install/auv_interfaces/lib/libauv_interfaces__rosidl_generator_c.so
[0.807s] -- Up-to-date: /home/techsas/auv_ws/install/auv_interfaces/lib/libauv_interfaces__rosidl_typesupport_fastrtps_c.so
[0.807s] -- Up-to-date: /home/techsas/auv_ws/install/auv_interfaces/lib/libauv_interfaces__rosidl_typesupport_introspection_c.so
[0.808s] -- Up-to-date: /home/techsas/auv_ws/install/auv_interfaces/lib/libauv_interfaces__rosidl_typesupport_c.so
[0.808s] -- Up-to-date: /home/techsas/auv_ws/install/auv_interfaces/lib/libauv_interfaces__rosidl_typesupport_fastrtps_cpp.so
[0.808s] -- Up-to-date: /home/techsas/auv_ws/install/auv_interfaces/lib/libauv_interfaces__rosidl_typesupport_introspection_cpp.so
[0.809s] -- Up-to-date: /home/techsas/auv_ws/install/auv_interfaces/lib/libauv_interfaces__rosidl_typesupport_cpp.so
[0.864s] Listing '/home/techsas/auv_ws/install/auv_interfaces/local/lib/python3.10/dist-packages/auv_interfaces'...
[0.864s] Listing '/home/techsas/auv_ws/install/auv_interfaces/local/lib/python3.10/dist-packages/auv_interfaces/msg'...
[0.873s] -- Up-to-date: /home/techsas/auv_ws/install/auv_interfaces/lib/libauv_interfaces__rosidl_generator_py.so
[0.874s] -- Up-to-date: /home/techsas/auv_ws/install/auv_interfaces/share/auv_interfaces/cmake/export_auv_interfaces__rosidl_generator_cExport.cmake
[0.874s] -- Up-to-date: /home/techsas/auv_ws/install/auv_interfaces/share/auv_interfaces/cmake/export_auv_interfaces__rosidl_generator_cExport-noconfig.cmake
[0.874s] -- Up-to-date: /home/techsas/auv_ws/install/auv_interfaces/share/auv_interfaces/cmake/export_auv_interfaces__rosidl_typesupport_fastrtps_cExport.cmake
[0.874s] -- Up-to-date: /home/techsas/auv_ws/install/auv_interfaces/share/auv_interfaces/cmake/export_auv_interfaces__rosidl_typesupport_fastrtps_cExport-noconfig.cmake
[0.874s] -- Up-to-date: /home/techsas/auv_ws/install/auv_interfaces/share/auv_interfaces/cmake/auv_interfaces__rosidl_typesupport_introspection_cExport.cmake
[0.874s] -- Up-to-date: /home/techsas/auv_ws/install/auv_interfaces/share/auv_interfaces/cmake/auv_interfaces__rosidl_typesupport_introspection_cExport-noconfig.cmake
[0.875s] -- Up-to-date: /home/techsas/auv_ws/install/auv_interfaces/share/auv_interfaces/cmake/auv_interfaces__rosidl_typesupport_cExport.cmake
[0.875s] -- Up-to-date: /home/techsas/auv_ws/install/auv_interfaces/share/auv_interfaces/cmake/auv_interfaces__rosidl_typesupport_cExport-noconfig.cmake
[0.875s] -- Up-to-date: /home/techsas/auv_ws/install/auv_interfaces/share/auv_interfaces/cmake/export_auv_interfaces__rosidl_generator_cppExport.cmake
[0.875s] -- Up-to-date: /home/techsas/auv_ws/install/auv_interfaces/share/auv_interfaces/cmake/export_auv_interfaces__rosidl_typesupport_fastrtps_cppExport.cmake
[0.875s] -- Up-to-date: /home/techsas/auv_ws/install/auv_interfaces/share/auv_interfaces/cmake/export_auv_interfaces__rosidl_typesupport_fastrtps_cppExport-noconfig.cmake
[0.875s] -- Up-to-date: /home/techsas/auv_ws/install/auv_interfaces/share/auv_interfaces/cmake/auv_interfaces__rosidl_typesupport_introspection_cppExport.cmake
[0.875s] -- Up-to-date: /home/techsas/auv_ws/install/auv_interfaces/share/auv_interfaces/cmake/auv_interfaces__rosidl_typesupport_introspection_cppExport-noconfig.cmake
[0.875s] -- Up-to-date: /home/techsas/auv_ws/install/auv_interfaces/share/auv_interfaces/cmake/auv_interfaces__rosidl_typesupport_cppExport.cmake
[0.876s] -- Up-to-date: /home/techsas/auv_ws/install/auv_interfaces/share/auv_interfaces/cmake/auv_interfaces__rosidl_typesupport_cppExport-noconfig.cmake
[0.876s] -- Up-to-date: /home/techsas/auv_ws/install/auv_interfaces/share/auv_interfaces/cmake/export_auv_interfaces__rosidl_generator_pyExport.cmake
[0.876s] -- Up-to-date: /home/techsas/auv_ws/install/auv_interfaces/share/auv_interfaces/cmake/export_auv_interfaces__rosidl_generator_pyExport-noconfig.cmake
[0.881s] Invoked command in '/home/techsas/auv_ws/build/auv_interfaces' returned '0': CMAKE_PREFIX_PATH=${CMAKE_PREFIX_PATH}:/home/techsas/auv_ws/install/auv_pkg:/opt/ros/humble /usr/bin/cmake --install /home/techsas/auv_ws/build/auv_interfaces
