[0.200s] [34mcolcon[0m [1;30mDEBUG[0m [32mCommand line arguments: ['/usr/bin/colcon', 'build', '--symlink-install', '--packages-select', 'auv_interfaces', 'auv_rov', 'auv_pkg', '--build-base', '../build', '--install-base', '../install'][0m
[0.200s] [34mcolcon[0m [1;30mDEBUG[0m [32mParsed command line arguments: Namespace(log_base=None, log_level=None, verb_name='build', build_base='/home/techsas/auv_ws/build', install_base='/home/techsas/auv_ws/install', merge_install=False, symlink_install=True, test_result_base=None, continue_on_error=False, executor='parallel', parallel_workers=8, event_handlers=None, ignore_user_meta=False, metas=['./colcon.meta'], base_paths=['.'], packages_ignore=None, packages_ignore_regex=None, paths=None, packages_up_to=None, packages_up_to_regex=None, packages_above=None, packages_above_and_dependencies=None, packages_above_depth=None, packages_select_by_dep=None, packages_skip_by_dep=None, packages_skip_up_to=None, packages_select_build_failed=False, packages_skip_build_finished=False, packages_select_test_failures=False, packages_skip_test_passed=False, packages_select=['auv_interfaces', 'auv_rov', 'auv_pkg'], packages_skip=None, packages_select_regex=None, packages_skip_regex=None, packages_start=None, packages_end=None, allow_overriding=[], cmake_args=None, cmake_target=None, cmake_target_skip_unavailable=False, cmake_clean_cache=False, cmake_clean_first=False, cmake_force_configure=False, ament_cmake_args=None, catkin_cmake_args=None, catkin_skip_building_tests=False, mixin_files=None, mixin=None, verb_parser=<colcon_mixin.mixin.mixin_argument.MixinArgumentDecorator object at 0xffff7fdb6170>, verb_extension=<colcon_core.verb.build.BuildVerb object at 0xffff7fecfa90>, main=<bound method BuildVerb.main of <colcon_core.verb.build.BuildVerb object at 0xffff7fecfa90>>, mixin_verb=('build',))[0m
[0.482s] [34mcolcon.colcon_core.package_discovery[0m [1;30mLevel 1[0m discover_packages(colcon_meta) check parameters
[0.483s] [34mcolcon.colcon_core.package_discovery[0m [1;30mLevel 1[0m discover_packages(recursive) check parameters
[0.483s] [34mcolcon.colcon_core.package_discovery[0m [1;30mLevel 1[0m discover_packages(ignore) check parameters
[0.483s] [34mcolcon.colcon_core.package_discovery[0m [1;30mLevel 1[0m discover_packages(path) check parameters
[0.483s] [34mcolcon.colcon_core.package_discovery[0m [1;30mLevel 1[0m discover_packages(colcon_meta) discover
[0.483s] [34mcolcon.colcon_core.package_discovery[0m [1;30mLevel 1[0m discover_packages(recursive) discover
[0.483s] [34mcolcon.colcon_core.package_discovery[0m [1;30mINFO[0m Crawling recursively for packages in '/home/techsas/auv_ws/src'
[0.483s] [34mcolcon.colcon_core.package_identification[0m [1;30mLevel 1[0m _identify(.) by extensions ['ignore', 'ignore_ament_install']
[0.484s] [34mcolcon.colcon_core.package_identification[0m [1;30mLevel 1[0m _identify(.) by extension 'ignore'
[0.484s] [34mcolcon.colcon_core.package_identification[0m [1;30mLevel 1[0m _identify(.) by extension 'ignore_ament_install'
[0.484s] [34mcolcon.colcon_core.package_identification[0m [1;30mLevel 1[0m _identify(.) by extensions ['colcon_pkg']
[0.484s] [34mcolcon.colcon_core.package_identification[0m [1;30mLevel 1[0m _identify(.) by extension 'colcon_pkg'
[0.484s] [34mcolcon.colcon_core.package_identification[0m [1;30mLevel 1[0m _identify(.) by extensions ['colcon_meta']
[0.484s] [34mcolcon.colcon_core.package_identification[0m [1;30mLevel 1[0m _identify(.) by extension 'colcon_meta'
[0.484s] [34mcolcon.colcon_core.package_identification[0m [1;30mLevel 1[0m _identify(.) by extensions ['ros']
[0.484s] [34mcolcon.colcon_core.package_identification[0m [1;30mLevel 1[0m _identify(.) by extension 'ros'
[0.504s] [34mcolcon.colcon_core.package_identification[0m [1;30mLevel 1[0m _identify(.) by extensions ['cmake', 'python']
[0.504s] [34mcolcon.colcon_core.package_identification[0m [1;30mLevel 1[0m _identify(.) by extension 'cmake'
[0.504s] [34mcolcon.colcon_core.package_identification[0m [1;30mLevel 1[0m _identify(.) by extension 'python'
[0.504s] [34mcolcon.colcon_core.package_identification[0m [1;30mLevel 1[0m _identify(.) by extensions ['python_setup_py']
[0.504s] [34mcolcon.colcon_core.package_identification[0m [1;30mLevel 1[0m _identify(.) by extension 'python_setup_py'
[0.505s] [34mcolcon.colcon_core.package_identification[0m [1;30mLevel 1[0m _identify(auv_interfaces) by extensions ['ignore', 'ignore_ament_install']
[0.505s] [34mcolcon.colcon_core.package_identification[0m [1;30mLevel 1[0m _identify(auv_interfaces) by extension 'ignore'
[0.505s] [34mcolcon.colcon_core.package_identification[0m [1;30mLevel 1[0m _identify(auv_interfaces) by extension 'ignore_ament_install'
[0.505s] [34mcolcon.colcon_core.package_identification[0m [1;30mLevel 1[0m _identify(auv_interfaces) by extensions ['colcon_pkg']
[0.505s] [34mcolcon.colcon_core.package_identification[0m [1;30mLevel 1[0m _identify(auv_interfaces) by extension 'colcon_pkg'
[0.505s] [34mcolcon.colcon_core.package_identification[0m [1;30mLevel 1[0m _identify(auv_interfaces) by extensions ['colcon_meta']
[0.505s] [34mcolcon.colcon_core.package_identification[0m [1;30mLevel 1[0m _identify(auv_interfaces) by extension 'colcon_meta'
[0.505s] [34mcolcon.colcon_core.package_identification[0m [1;30mLevel 1[0m _identify(auv_interfaces) by extensions ['ros']
[0.505s] [34mcolcon.colcon_core.package_identification[0m [1;30mLevel 1[0m _identify(auv_interfaces) by extension 'ros'
[0.535s] [34mcolcon.colcon_core.package_identification[0m [1;30mDEBUG[0m [32mPackage 'auv_interfaces' with type 'ros.ament_cmake' and name 'auv_interfaces'[0m
[0.536s] [34mcolcon.colcon_core.package_identification[0m [1;30mLevel 1[0m _identify(auv_pkg) by extensions ['ignore', 'ignore_ament_install']
[0.536s] [34mcolcon.colcon_core.package_identification[0m [1;30mLevel 1[0m _identify(auv_pkg) by extension 'ignore'
[0.536s] [34mcolcon.colcon_core.package_identification[0m [1;30mLevel 1[0m _identify(auv_pkg) by extension 'ignore_ament_install'
[0.536s] [34mcolcon.colcon_core.package_identification[0m [1;30mLevel 1[0m _identify(auv_pkg) by extensions ['colcon_pkg']
[0.536s] [34mcolcon.colcon_core.package_identification[0m [1;30mLevel 1[0m _identify(auv_pkg) by extension 'colcon_pkg'
[0.536s] [34mcolcon.colcon_core.package_identification[0m [1;30mLevel 1[0m _identify(auv_pkg) by extensions ['colcon_meta']
[0.536s] [34mcolcon.colcon_core.package_identification[0m [1;30mLevel 1[0m _identify(auv_pkg) by extension 'colcon_meta'
[0.537s] [34mcolcon.colcon_core.package_identification[0m [1;30mLevel 1[0m _identify(auv_pkg) by extensions ['ros']
[0.537s] [34mcolcon.colcon_core.package_identification[0m [1;30mLevel 1[0m _identify(auv_pkg) by extension 'ros'
[0.538s] [34mcolcon.colcon_core.package_identification[0m [1;30mDEBUG[0m [32mPackage 'auv_pkg' with type 'ros.ament_python' and name 'auv_pkg'[0m
[0.538s] [34mcolcon.colcon_core.package_identification[0m [1;30mLevel 1[0m _identify(auv_rov) by extensions ['ignore', 'ignore_ament_install']
[0.538s] [34mcolcon.colcon_core.package_identification[0m [1;30mLevel 1[0m _identify(auv_rov) by extension 'ignore'
[0.538s] [34mcolcon.colcon_core.package_identification[0m [1;30mLevel 1[0m _identify(auv_rov) by extension 'ignore_ament_install'
[0.539s] [34mcolcon.colcon_core.package_identification[0m [1;30mLevel 1[0m _identify(auv_rov) by extensions ['colcon_pkg']
[0.539s] [34mcolcon.colcon_core.package_identification[0m [1;30mLevel 1[0m _identify(auv_rov) by extension 'colcon_pkg'
[0.539s] [34mcolcon.colcon_core.package_identification[0m [1;30mLevel 1[0m _identify(auv_rov) by extensions ['colcon_meta']
[0.539s] [34mcolcon.colcon_core.package_identification[0m [1;30mLevel 1[0m _identify(auv_rov) by extension 'colcon_meta'
[0.539s] [34mcolcon.colcon_core.package_identification[0m [1;30mLevel 1[0m _identify(auv_rov) by extensions ['ros']
[0.539s] [34mcolcon.colcon_core.package_identification[0m [1;30mLevel 1[0m _identify(auv_rov) by extension 'ros'
[0.540s] [34mcolcon.colcon_core.package_identification[0m [1;30mDEBUG[0m [32mPackage 'auv_rov' with type 'ros.ament_python' and name 'auv_rov'[0m
[0.540s] [34mcolcon.colcon_core.package_identification[0m [1;30mLevel 1[0m _identify(log) by extensions ['ignore', 'ignore_ament_install']
[0.540s] [34mcolcon.colcon_core.package_identification[0m [1;30mLevel 1[0m _identify(log) by extension 'ignore'
[0.540s] [34mcolcon.colcon_core.package_identification[0m [1;30mLevel 1[0m _identify(log) ignored
[0.540s] [34mcolcon.colcon_core.package_discovery[0m [1;30mLevel 1[0m discover_packages(recursive) using defaults
[0.540s] [34mcolcon.colcon_core.package_discovery[0m [1;30mLevel 1[0m discover_packages(ignore) discover
[0.540s] [34mcolcon.colcon_core.package_discovery[0m [1;30mLevel 1[0m discover_packages(ignore) using defaults
[0.540s] [34mcolcon.colcon_core.package_discovery[0m [1;30mLevel 1[0m discover_packages(path) discover
[0.541s] [34mcolcon.colcon_core.package_discovery[0m [1;30mLevel 1[0m discover_packages(path) using defaults
[0.567s] [34mcolcon.colcon_core.package_discovery[0m [1;30mLevel 1[0m discover_packages(prefix_path) check parameters
[0.567s] [34mcolcon.colcon_core.package_discovery[0m [1;30mLevel 1[0m discover_packages(prefix_path) discover
[0.570s] [34mcolcon.colcon_installed_package_information.package_discovery[0m [1;30mDEBUG[0m [32mFound 3 installed packages in /home/techsas/microros_ws/install[0m
[0.571s] [34mcolcon.colcon_installed_package_information.package_discovery[0m [1;30mDEBUG[0m [32mFound 3 installed packages in /home/techsas/auv_ws/install[0m
[0.573s] [34mcolcon.colcon_installed_package_information.package_discovery[0m [1;30mDEBUG[0m [32mFound 273 installed packages in /opt/ros/humble[0m
[0.575s] [34mcolcon.colcon_core.package_discovery[0m [1;30mLevel 1[0m discover_packages(prefix_path) using defaults
[0.632s] [34mcolcon.colcon_core.verb[0m [1;30mLevel 5[0m set package 'auv_interfaces' build argument 'cmake_args' from command line to 'None'
[0.633s] [34mcolcon.colcon_core.verb[0m [1;30mLevel 5[0m set package 'auv_interfaces' build argument 'cmake_target' from command line to 'None'
[0.633s] [34mcolcon.colcon_core.verb[0m [1;30mLevel 5[0m set package 'auv_interfaces' build argument 'cmake_target_skip_unavailable' from command line to 'False'
[0.633s] [34mcolcon.colcon_core.verb[0m [1;30mLevel 5[0m set package 'auv_interfaces' build argument 'cmake_clean_cache' from command line to 'False'
[0.633s] [34mcolcon.colcon_core.verb[0m [1;30mLevel 5[0m set package 'auv_interfaces' build argument 'cmake_clean_first' from command line to 'False'
[0.633s] [34mcolcon.colcon_core.verb[0m [1;30mLevel 5[0m set package 'auv_interfaces' build argument 'cmake_force_configure' from command line to 'False'
[0.633s] [34mcolcon.colcon_core.verb[0m [1;30mLevel 5[0m set package 'auv_interfaces' build argument 'ament_cmake_args' from command line to 'None'
[0.633s] [34mcolcon.colcon_core.verb[0m [1;30mLevel 5[0m set package 'auv_interfaces' build argument 'catkin_cmake_args' from command line to 'None'
[0.633s] [34mcolcon.colcon_core.verb[0m [1;30mLevel 5[0m set package 'auv_interfaces' build argument 'catkin_skip_building_tests' from command line to 'False'
[0.633s] [34mcolcon.colcon_core.verb[0m [1;30mDEBUG[0m [32mBuilding package 'auv_interfaces' with the following arguments: {'ament_cmake_args': None, 'build_base': '/home/techsas/auv_ws/build/auv_interfaces', 'catkin_cmake_args': None, 'catkin_skip_building_tests': False, 'cmake_args': None, 'cmake_clean_cache': False, 'cmake_clean_first': False, 'cmake_force_configure': False, 'cmake_target': None, 'cmake_target_skip_unavailable': False, 'install_base': '/home/techsas/auv_ws/install/auv_interfaces', 'merge_install': False, 'path': '/home/techsas/auv_ws/src/auv_interfaces', 'symlink_install': True, 'test_result_base': None}[0m
[0.634s] [34mcolcon.colcon_core.verb[0m [1;30mLevel 5[0m set package 'auv_rov' build argument 'cmake_args' from command line to 'None'
[0.634s] [34mcolcon.colcon_core.verb[0m [1;30mLevel 5[0m set package 'auv_rov' build argument 'cmake_target' from command line to 'None'
[0.634s] [34mcolcon.colcon_core.verb[0m [1;30mLevel 5[0m set package 'auv_rov' build argument 'cmake_target_skip_unavailable' from command line to 'False'
[0.634s] [34mcolcon.colcon_core.verb[0m [1;30mLevel 5[0m set package 'auv_rov' build argument 'cmake_clean_cache' from command line to 'False'
[0.634s] [34mcolcon.colcon_core.verb[0m [1;30mLevel 5[0m set package 'auv_rov' build argument 'cmake_clean_first' from command line to 'False'
[0.634s] [34mcolcon.colcon_core.verb[0m [1;30mLevel 5[0m set package 'auv_rov' build argument 'cmake_force_configure' from command line to 'False'
[0.634s] [34mcolcon.colcon_core.verb[0m [1;30mLevel 5[0m set package 'auv_rov' build argument 'ament_cmake_args' from command line to 'None'
[0.634s] [34mcolcon.colcon_core.verb[0m [1;30mLevel 5[0m set package 'auv_rov' build argument 'catkin_cmake_args' from command line to 'None'
[0.634s] [34mcolcon.colcon_core.verb[0m [1;30mLevel 5[0m set package 'auv_rov' build argument 'catkin_skip_building_tests' from command line to 'False'
[0.634s] [34mcolcon.colcon_core.verb[0m [1;30mDEBUG[0m [32mBuilding package 'auv_rov' with the following arguments: {'ament_cmake_args': None, 'build_base': '/home/techsas/auv_ws/build/auv_rov', 'catkin_cmake_args': None, 'catkin_skip_building_tests': False, 'cmake_args': None, 'cmake_clean_cache': False, 'cmake_clean_first': False, 'cmake_force_configure': False, 'cmake_target': None, 'cmake_target_skip_unavailable': False, 'install_base': '/home/techsas/auv_ws/install/auv_rov', 'merge_install': False, 'path': '/home/techsas/auv_ws/src/auv_rov', 'symlink_install': True, 'test_result_base': None}[0m
[0.635s] [34mcolcon.colcon_core.verb[0m [1;30mLevel 5[0m set package 'auv_pkg' build argument 'cmake_args' from command line to 'None'
[0.635s] [34mcolcon.colcon_core.verb[0m [1;30mLevel 5[0m set package 'auv_pkg' build argument 'cmake_target' from command line to 'None'
[0.635s] [34mcolcon.colcon_core.verb[0m [1;30mLevel 5[0m set package 'auv_pkg' build argument 'cmake_target_skip_unavailable' from command line to 'False'
[0.635s] [34mcolcon.colcon_core.verb[0m [1;30mLevel 5[0m set package 'auv_pkg' build argument 'cmake_clean_cache' from command line to 'False'
[0.635s] [34mcolcon.colcon_core.verb[0m [1;30mLevel 5[0m set package 'auv_pkg' build argument 'cmake_clean_first' from command line to 'False'
[0.635s] [34mcolcon.colcon_core.verb[0m [1;30mLevel 5[0m set package 'auv_pkg' build argument 'cmake_force_configure' from command line to 'False'
[0.635s] [34mcolcon.colcon_core.verb[0m [1;30mLevel 5[0m set package 'auv_pkg' build argument 'ament_cmake_args' from command line to 'None'
[0.635s] [34mcolcon.colcon_core.verb[0m [1;30mLevel 5[0m set package 'auv_pkg' build argument 'catkin_cmake_args' from command line to 'None'
[0.635s] [34mcolcon.colcon_core.verb[0m [1;30mLevel 5[0m set package 'auv_pkg' build argument 'catkin_skip_building_tests' from command line to 'False'
[0.635s] [34mcolcon.colcon_core.verb[0m [1;30mDEBUG[0m [32mBuilding package 'auv_pkg' with the following arguments: {'ament_cmake_args': None, 'build_base': '/home/techsas/auv_ws/build/auv_pkg', 'catkin_cmake_args': None, 'catkin_skip_building_tests': False, 'cmake_args': None, 'cmake_clean_cache': False, 'cmake_clean_first': False, 'cmake_force_configure': False, 'cmake_target': None, 'cmake_target_skip_unavailable': False, 'install_base': '/home/techsas/auv_ws/install/auv_pkg', 'merge_install': False, 'path': '/home/techsas/auv_ws/src/auv_pkg', 'symlink_install': True, 'test_result_base': None}[0m
[0.635s] [34mcolcon.colcon_core.executor[0m [1;30mINFO[0m Executing jobs using 'parallel' executor
[0.638s] [34mcolcon.colcon_parallel_executor.executor.parallel[0m [1;30mDEBUG[0m [32mrun_until_complete[0m
[0.638s] [34mcolcon.colcon_ros.task.ament_cmake.build[0m [1;30mINFO[0m Building ROS package in '/home/techsas/auv_ws/src/auv_interfaces' with build type 'ament_cmake'
[0.638s] [34mcolcon.colcon_cmake.task.cmake.build[0m [1;30mINFO[0m Building CMake package in '/home/techsas/auv_ws/src/auv_interfaces'
[0.642s] [34mcolcon.colcon_core.plugin_system[0m [1;30mINFO[0m Skipping extension 'colcon_core.shell.bat': Not used on non-Windows systems
[0.642s] [34mcolcon.colcon_core.shell[0m [1;30mINFO[0m Skip shell extension 'powershell' for command environment: Not usable outside of PowerShell
[0.642s] [34mcolcon.colcon_core.shell[0m [1;30mDEBUG[0m [32mSkip shell extension 'dsv' for command environment[0m
[0.649s] [34mcolcon.colcon_ros.task.ament_python.build[0m [1;30mINFO[0m Building ROS package in '/home/techsas/auv_ws/src/auv_rov' with build type 'ament_python'
[0.649s] [34mcolcon.colcon_core.shell[0m [1;30mLevel 1[0m create_environment_hook('auv_rov', 'ament_prefix_path')
[0.649s] [34mcolcon.colcon_core.shell[0m [1;30mINFO[0m Creating environment hook '/home/techsas/auv_ws/install/auv_rov/share/auv_rov/hook/ament_prefix_path.ps1'
[0.651s] [34mcolcon.colcon_core.shell[0m [1;30mINFO[0m Creating environment descriptor '/home/techsas/auv_ws/install/auv_rov/share/auv_rov/hook/ament_prefix_path.dsv'
[0.652s] [34mcolcon.colcon_core.shell[0m [1;30mINFO[0m Creating environment hook '/home/techsas/auv_ws/install/auv_rov/share/auv_rov/hook/ament_prefix_path.sh'
[0.653s] [34mcolcon.colcon_core.shell[0m [1;30mINFO[0m Skip shell extension 'powershell' for command environment: Not usable outside of PowerShell
[0.653s] [34mcolcon.colcon_core.shell[0m [1;30mDEBUG[0m [32mSkip shell extension 'dsv' for command environment[0m
[0.666s] [34mcolcon.colcon_core.event_handler.log_command[0m [1;30mDEBUG[0m [32mInvoking command in '/home/techsas/auv_ws/build/auv_interfaces': CMAKE_PREFIX_PATH=${CMAKE_PREFIX_PATH}:/home/techsas/auv_ws/install/auv_pkg:/opt/ros/humble /usr/bin/cmake --build /home/techsas/auv_ws/build/auv_interfaces -- -j8 -l8[0m
[1.146s] [34mcolcon.colcon_core.task.python.build[0m [1;30mINFO[0m Building Python package in '/home/techsas/auv_ws/src/auv_rov'
[1.147s] [34mcolcon.colcon_core.shell[0m [1;30mINFO[0m Skip shell extension 'powershell' for command environment: Not usable outside of PowerShell
[1.147s] [34mcolcon.colcon_core.shell[0m [1;30mDEBUG[0m [32mSkip shell extension 'dsv' for command environment[0m
[1.324s] [34mcolcon.colcon_core.event_handler.log_command[0m [1;30mDEBUG[0m [32mInvoked command in '/home/techsas/auv_ws/build/auv_interfaces' returned '0': CMAKE_PREFIX_PATH=${CMAKE_PREFIX_PATH}:/home/techsas/auv_ws/install/auv_pkg:/opt/ros/humble /usr/bin/cmake --build /home/techsas/auv_ws/build/auv_interfaces -- -j8 -l8[0m
[1.348s] [34mcolcon.colcon_core.event_handler.log_command[0m [1;30mDEBUG[0m [32mInvoking command in '/home/techsas/auv_ws/build/auv_interfaces': CMAKE_PREFIX_PATH=${CMAKE_PREFIX_PATH}:/home/techsas/auv_ws/install/auv_pkg:/opt/ros/humble /usr/bin/cmake --install /home/techsas/auv_ws/build/auv_interfaces[0m
[1.519s] [34mcolcon.colcon_core.environment[0m [1;30mLevel 1[0m create_environment_scripts_only(auv_interfaces)
[1.520s] [34mcolcon.colcon_core.event_handler.log_command[0m [1;30mDEBUG[0m [32mInvoked command in '/home/techsas/auv_ws/build/auv_interfaces' returned '0': CMAKE_PREFIX_PATH=${CMAKE_PREFIX_PATH}:/home/techsas/auv_ws/install/auv_pkg:/opt/ros/humble /usr/bin/cmake --install /home/techsas/auv_ws/build/auv_interfaces[0m
[1.528s] [34mcolcon.colcon_core.environment[0m [1;30mLevel 1[0m checking '/home/techsas/auv_ws/install/auv_interfaces' for CMake module files
[1.530s] [34mcolcon.colcon_core.environment[0m [1;30mLevel 1[0m checking '/home/techsas/auv_ws/install/auv_interfaces' for CMake config files
[1.531s] [34mcolcon.colcon_core.shell[0m [1;30mLevel 1[0m create_environment_hook('auv_interfaces', 'cmake_prefix_path')
[1.532s] [34mcolcon.colcon_core.shell[0m [1;30mINFO[0m Creating environment hook '/home/techsas/auv_ws/install/auv_interfaces/share/auv_interfaces/hook/cmake_prefix_path.ps1'
[1.534s] [34mcolcon.colcon_core.shell[0m [1;30mINFO[0m Creating environment descriptor '/home/techsas/auv_ws/install/auv_interfaces/share/auv_interfaces/hook/cmake_prefix_path.dsv'
[1.535s] [34mcolcon.colcon_core.shell[0m [1;30mINFO[0m Creating environment hook '/home/techsas/auv_ws/install/auv_interfaces/share/auv_interfaces/hook/cmake_prefix_path.sh'
[1.538s] [34mcolcon.colcon_core.environment[0m [1;30mLevel 1[0m checking '/home/techsas/auv_ws/install/auv_interfaces/lib'
[1.539s] [34mcolcon.colcon_core.shell[0m [1;30mLevel 1[0m create_environment_hook('auv_interfaces', 'ld_library_path_lib')
[1.540s] [34mcolcon.colcon_core.shell[0m [1;30mINFO[0m Creating environment hook '/home/techsas/auv_ws/install/auv_interfaces/share/auv_interfaces/hook/ld_library_path_lib.ps1'
[1.541s] [34mcolcon.colcon_core.shell[0m [1;30mINFO[0m Creating environment descriptor '/home/techsas/auv_ws/install/auv_interfaces/share/auv_interfaces/hook/ld_library_path_lib.dsv'
[1.543s] [34mcolcon.colcon_core.shell[0m [1;30mINFO[0m Creating environment hook '/home/techsas/auv_ws/install/auv_interfaces/share/auv_interfaces/hook/ld_library_path_lib.sh'
[1.544s] [34mcolcon.colcon_core.environment[0m [1;30mLevel 1[0m checking '/home/techsas/auv_ws/install/auv_interfaces/bin'
[1.544s] [34mcolcon.colcon_core.environment[0m [1;30mLevel 1[0m checking '/home/techsas/auv_ws/install/auv_interfaces/lib/pkgconfig/auv_interfaces.pc'
[1.545s] [34mcolcon.colcon_core.environment[0m [1;30mLevel 1[0m checking '/home/techsas/auv_ws/install/auv_interfaces/lib/python3.10/site-packages'
[1.547s] [34mcolcon.colcon_core.environment[0m [1;30mLevel 1[0m checking '/home/techsas/auv_ws/install/auv_interfaces/bin'
[1.548s] [34mcolcon.colcon_core.shell[0m [1;30mINFO[0m Creating package script '/home/techsas/auv_ws/install/auv_interfaces/share/auv_interfaces/package.ps1'
[1.552s] [34mcolcon.colcon_core.shell[0m [1;30mINFO[0m Creating package descriptor '/home/techsas/auv_ws/install/auv_interfaces/share/auv_interfaces/package.dsv'
[1.555s] [34mcolcon.colcon_core.shell[0m [1;30mINFO[0m Creating package script '/home/techsas/auv_ws/install/auv_interfaces/share/auv_interfaces/package.sh'
[1.558s] [34mcolcon.colcon_core.shell[0m [1;30mINFO[0m Creating package script '/home/techsas/auv_ws/install/auv_interfaces/share/auv_interfaces/package.bash'
[1.560s] [34mcolcon.colcon_core.shell[0m [1;30mINFO[0m Creating package script '/home/techsas/auv_ws/install/auv_interfaces/share/auv_interfaces/package.zsh'
[1.563s] [34mcolcon.colcon_core.environment[0m [1;30mLevel 1[0m create_file_with_runtime_dependencies(/home/techsas/auv_ws/install/auv_interfaces/share/colcon-core/packages/auv_interfaces)
[1.565s] [34mcolcon.colcon_core.environment[0m [1;30mLevel 1[0m create_environment_scripts_only(auv_interfaces)
[1.566s] [34mcolcon.colcon_core.environment[0m [1;30mLevel 1[0m checking '/home/techsas/auv_ws/install/auv_interfaces' for CMake module files
[1.568s] [34mcolcon.colcon_core.environment[0m [1;30mLevel 1[0m checking '/home/techsas/auv_ws/install/auv_interfaces' for CMake config files
[1.570s] [34mcolcon.colcon_core.shell[0m [1;30mLevel 1[0m create_environment_hook('auv_interfaces', 'cmake_prefix_path')
[1.570s] [34mcolcon.colcon_core.shell[0m [1;30mINFO[0m Creating environment hook '/home/techsas/auv_ws/install/auv_interfaces/share/auv_interfaces/hook/cmake_prefix_path.ps1'
[1.572s] [34mcolcon.colcon_core.shell[0m [1;30mINFO[0m Creating environment descriptor '/home/techsas/auv_ws/install/auv_interfaces/share/auv_interfaces/hook/cmake_prefix_path.dsv'
[1.573s] [34mcolcon.colcon_core.shell[0m [1;30mINFO[0m Creating environment hook '/home/techsas/auv_ws/install/auv_interfaces/share/auv_interfaces/hook/cmake_prefix_path.sh'
[1.575s] [34mcolcon.colcon_core.environment[0m [1;30mLevel 1[0m checking '/home/techsas/auv_ws/install/auv_interfaces/lib'
[1.575s] [34mcolcon.colcon_core.shell[0m [1;30mLevel 1[0m create_environment_hook('auv_interfaces', 'ld_library_path_lib')
[1.576s] [34mcolcon.colcon_core.shell[0m [1;30mINFO[0m Creating environment hook '/home/techsas/auv_ws/install/auv_interfaces/share/auv_interfaces/hook/ld_library_path_lib.ps1'
[1.577s] [34mcolcon.colcon_core.shell[0m [1;30mINFO[0m Creating environment descriptor '/home/techsas/auv_ws/install/auv_interfaces/share/auv_interfaces/hook/ld_library_path_lib.dsv'
[1.578s] [34mcolcon.colcon_core.shell[0m [1;30mINFO[0m Creating environment hook '/home/techsas/auv_ws/install/auv_interfaces/share/auv_interfaces/hook/ld_library_path_lib.sh'
[1.579s] [34mcolcon.colcon_core.environment[0m [1;30mLevel 1[0m checking '/home/techsas/auv_ws/install/auv_interfaces/bin'
[1.579s] [34mcolcon.colcon_core.environment[0m [1;30mLevel 1[0m checking '/home/techsas/auv_ws/install/auv_interfaces/lib/pkgconfig/auv_interfaces.pc'
[1.580s] [34mcolcon.colcon_core.environment[0m [1;30mLevel 1[0m checking '/home/techsas/auv_ws/install/auv_interfaces/lib/python3.10/site-packages'
[1.581s] [34mcolcon.colcon_core.environment[0m [1;30mLevel 1[0m checking '/home/techsas/auv_ws/install/auv_interfaces/bin'
[1.582s] [34mcolcon.colcon_core.shell[0m [1;30mINFO[0m Creating package script '/home/techsas/auv_ws/install/auv_interfaces/share/auv_interfaces/package.ps1'
[1.584s] [34mcolcon.colcon_core.shell[0m [1;30mINFO[0m Creating package descriptor '/home/techsas/auv_ws/install/auv_interfaces/share/auv_interfaces/package.dsv'
[1.585s] [34mcolcon.colcon_core.shell[0m [1;30mINFO[0m Creating package script '/home/techsas/auv_ws/install/auv_interfaces/share/auv_interfaces/package.sh'
[1.586s] [34mcolcon.colcon_core.shell[0m [1;30mINFO[0m Creating package script '/home/techsas/auv_ws/install/auv_interfaces/share/auv_interfaces/package.bash'
[1.588s] [34mcolcon.colcon_core.shell[0m [1;30mINFO[0m Creating package script '/home/techsas/auv_ws/install/auv_interfaces/share/auv_interfaces/package.zsh'
[1.589s] [34mcolcon.colcon_core.environment[0m [1;30mLevel 1[0m create_file_with_runtime_dependencies(/home/techsas/auv_ws/install/auv_interfaces/share/colcon-core/packages/auv_interfaces)
[1.590s] [34mcolcon.colcon_ros.task.ament_python.build[0m [1;30mINFO[0m Building ROS package in '/home/techsas/auv_ws/src/auv_pkg' with build type 'ament_python'
[1.590s] [34mcolcon.colcon_core.shell[0m [1;30mLevel 1[0m create_environment_hook('auv_pkg', 'ament_prefix_path')
[1.591s] [34mcolcon.colcon_core.shell[0m [1;30mINFO[0m Creating environment hook '/home/techsas/auv_ws/install/auv_pkg/share/auv_pkg/hook/ament_prefix_path.ps1'
[1.592s] [34mcolcon.colcon_core.shell[0m [1;30mINFO[0m Creating environment descriptor '/home/techsas/auv_ws/install/auv_pkg/share/auv_pkg/hook/ament_prefix_path.dsv'
[1.594s] [34mcolcon.colcon_core.shell[0m [1;30mINFO[0m Creating environment hook '/home/techsas/auv_ws/install/auv_pkg/share/auv_pkg/hook/ament_prefix_path.sh'
[1.596s] [34mcolcon.colcon_core.shell[0m [1;30mINFO[0m Skip shell extension 'powershell' for command environment: Not usable outside of PowerShell
[1.596s] [34mcolcon.colcon_core.shell[0m [1;30mDEBUG[0m [32mSkip shell extension 'dsv' for command environment[0m
[2.073s] [34mcolcon.colcon_core.task.python.build[0m [1;30mINFO[0m Building Python package in '/home/techsas/auv_ws/src/auv_pkg'
[2.075s] [34mcolcon.colcon_core.shell[0m [1;30mINFO[0m Skip shell extension 'powershell' for command environment: Not usable outside of PowerShell
[2.075s] [34mcolcon.colcon_core.shell[0m [1;30mDEBUG[0m [32mSkip shell extension 'dsv' for command environment[0m
[2.093s] [34mcolcon.colcon_core.event_handler.log_command[0m [1;30mDEBUG[0m [32mInvoking command in '/home/techsas/auv_ws/build/auv_rov': PYTHONPATH=/home/techsas/auv_ws/build/auv_rov/prefix_override:/usr/lib/python3/dist-packages/colcon_core/task/python/colcon_distutils_commands:/home/techsas/auv_ws/install/auv_rov/lib/python3.10/site-packages:${PYTHONPATH} /usr/bin/python3 -W ignore:setup.py install is deprecated -W ignore:easy_install command is deprecated setup.py develop --editable --build-directory /home/techsas/auv_ws/build/auv_rov/build --no-deps symlink_data[0m
[2.695s] [34mcolcon.colcon_core.event_handler.log_command[0m [1;30mDEBUG[0m [32mInvoking command in '/home/techsas/auv_ws/build/auv_pkg': LD_LIBRARY_PATH=/home/techsas/auv_ws/install/auv_interfaces/lib:/usr/local/lib:/usr/local/cuda-12.6/lib64:/usr/local/lib:/home/techsas/microros_ws/install/micro_ros_agent/lib:/home/techsas/microros_ws/install/micro_ros_msgs/lib:/opt/ros/humble/opt/rviz_ogre_vendor/lib:/opt/ros/humble/lib/aarch64-linux-gnu:/opt/ros/humble/lib:/usr/local/cuda-12.6/lib64 PYTHONPATH=/home/techsas/auv_ws/build/auv_pkg/prefix_override:/usr/lib/python3/dist-packages/colcon_core/task/python/colcon_distutils_commands:/home/techsas/auv_ws/install/auv_pkg/lib/python3.10/site-packages:${PYTHONPATH} /usr/bin/python3 -W ignore:setup.py install is deprecated -W ignore:easy_install command is deprecated setup.py develop --editable --build-directory /home/techsas/auv_ws/build/auv_pkg/build --no-deps symlink_data[0m
[2.923s] [34mcolcon.colcon_core.shell[0m [1;30mLevel 1[0m create_environment_hook('auv_rov', 'pythonpath_develop')
[2.924s] [34mcolcon.colcon_core.shell[0m [1;30mINFO[0m Creating environment hook '/home/techsas/auv_ws/build/auv_rov/share/auv_rov/hook/pythonpath_develop.ps1'
[2.926s] [34mcolcon.colcon_core.event_handler.log_command[0m [1;30mDEBUG[0m [32mInvoked command in '/home/techsas/auv_ws/build/auv_rov' returned '0': PYTHONPATH=/home/techsas/auv_ws/build/auv_rov/prefix_override:/usr/lib/python3/dist-packages/colcon_core/task/python/colcon_distutils_commands:/home/techsas/auv_ws/install/auv_rov/lib/python3.10/site-packages:${PYTHONPATH} /usr/bin/python3 -W ignore:setup.py install is deprecated -W ignore:easy_install command is deprecated setup.py develop --editable --build-directory /home/techsas/auv_ws/build/auv_rov/build --no-deps symlink_data[0m
[2.927s] [34mcolcon.colcon_core.shell[0m [1;30mINFO[0m Creating environment descriptor '/home/techsas/auv_ws/build/auv_rov/share/auv_rov/hook/pythonpath_develop.dsv'
[2.929s] [34mcolcon.colcon_core.shell[0m [1;30mINFO[0m Creating environment hook '/home/techsas/auv_ws/build/auv_rov/share/auv_rov/hook/pythonpath_develop.sh'
[2.931s] [34mcolcon.colcon_core.environment[0m [1;30mLevel 1[0m checking '/home/techsas/auv_ws/install/auv_rov' for CMake module files
[2.932s] [34mcolcon.colcon_core.environment[0m [1;30mLevel 1[0m checking '/home/techsas/auv_ws/install/auv_rov' for CMake config files
[2.934s] [34mcolcon.colcon_core.environment[0m [1;30mLevel 1[0m checking '/home/techsas/auv_ws/install/auv_rov/lib'
[2.934s] [34mcolcon.colcon_core.environment[0m [1;30mLevel 1[0m checking '/home/techsas/auv_ws/install/auv_rov/bin'
[2.934s] [34mcolcon.colcon_core.environment[0m [1;30mLevel 1[0m checking '/home/techsas/auv_ws/install/auv_rov/lib/pkgconfig/auv_rov.pc'
[2.935s] [34mcolcon.colcon_core.environment[0m [1;30mLevel 1[0m checking '/home/techsas/auv_ws/install/auv_rov/lib/python3.10/site-packages'
[2.935s] [34mcolcon.colcon_core.shell[0m [1;30mLevel 1[0m create_environment_hook('auv_rov', 'pythonpath')
[2.936s] [34mcolcon.colcon_core.shell[0m [1;30mINFO[0m Creating environment hook '/home/techsas/auv_ws/install/auv_rov/share/auv_rov/hook/pythonpath.ps1'
[2.938s] [34mcolcon.colcon_core.shell[0m [1;30mINFO[0m Creating environment descriptor '/home/techsas/auv_ws/install/auv_rov/share/auv_rov/hook/pythonpath.dsv'
[2.939s] [34mcolcon.colcon_core.shell[0m [1;30mINFO[0m Creating environment hook '/home/techsas/auv_ws/install/auv_rov/share/auv_rov/hook/pythonpath.sh'
[2.942s] [34mcolcon.colcon_core.environment[0m [1;30mLevel 1[0m checking '/home/techsas/auv_ws/install/auv_rov/bin'
[2.942s] [34mcolcon.colcon_core.environment[0m [1;30mLevel 1[0m create_environment_scripts_only(auv_rov)
[2.943s] [34mcolcon.colcon_core.shell[0m [1;30mINFO[0m Creating package script '/home/techsas/auv_ws/install/auv_rov/share/auv_rov/package.ps1'
[2.946s] [34mcolcon.colcon_core.shell[0m [1;30mINFO[0m Creating package descriptor '/home/techsas/auv_ws/install/auv_rov/share/auv_rov/package.dsv'
[2.948s] [34mcolcon.colcon_core.shell[0m [1;30mINFO[0m Creating package script '/home/techsas/auv_ws/install/auv_rov/share/auv_rov/package.sh'
[2.950s] [34mcolcon.colcon_core.shell[0m [1;30mINFO[0m Creating package script '/home/techsas/auv_ws/install/auv_rov/share/auv_rov/package.bash'
[2.951s] [34mcolcon.colcon_core.shell[0m [1;30mINFO[0m Creating package script '/home/techsas/auv_ws/install/auv_rov/share/auv_rov/package.zsh'
[2.952s] [34mcolcon.colcon_core.environment[0m [1;30mLevel 1[0m create_file_with_runtime_dependencies(/home/techsas/auv_ws/install/auv_rov/share/colcon-core/packages/auv_rov)
[3.536s] [34mcolcon.colcon_core.shell[0m [1;30mLevel 1[0m create_environment_hook('auv_pkg', 'pythonpath_develop')
[3.538s] [34mcolcon.colcon_core.shell[0m [1;30mINFO[0m Creating environment hook '/home/techsas/auv_ws/build/auv_pkg/share/auv_pkg/hook/pythonpath_develop.ps1'
[3.539s] [34mcolcon.colcon_core.event_handler.log_command[0m [1;30mDEBUG[0m [32mInvoked command in '/home/techsas/auv_ws/build/auv_pkg' returned '0': LD_LIBRARY_PATH=/home/techsas/auv_ws/install/auv_interfaces/lib:/usr/local/lib:/usr/local/cuda-12.6/lib64:/usr/local/lib:/home/techsas/microros_ws/install/micro_ros_agent/lib:/home/techsas/microros_ws/install/micro_ros_msgs/lib:/opt/ros/humble/opt/rviz_ogre_vendor/lib:/opt/ros/humble/lib/aarch64-linux-gnu:/opt/ros/humble/lib:/usr/local/cuda-12.6/lib64 PYTHONPATH=/home/techsas/auv_ws/build/auv_pkg/prefix_override:/usr/lib/python3/dist-packages/colcon_core/task/python/colcon_distutils_commands:/home/techsas/auv_ws/install/auv_pkg/lib/python3.10/site-packages:${PYTHONPATH} /usr/bin/python3 -W ignore:setup.py install is deprecated -W ignore:easy_install command is deprecated setup.py develop --editable --build-directory /home/techsas/auv_ws/build/auv_pkg/build --no-deps symlink_data[0m
[3.541s] [34mcolcon.colcon_core.shell[0m [1;30mINFO[0m Creating environment descriptor '/home/techsas/auv_ws/build/auv_pkg/share/auv_pkg/hook/pythonpath_develop.dsv'
[3.542s] [34mcolcon.colcon_core.shell[0m [1;30mINFO[0m Creating environment hook '/home/techsas/auv_ws/build/auv_pkg/share/auv_pkg/hook/pythonpath_develop.sh'
[3.545s] [34mcolcon.colcon_core.environment[0m [1;30mLevel 1[0m checking '/home/techsas/auv_ws/install/auv_pkg' for CMake module files
[3.547s] [34mcolcon.colcon_core.environment[0m [1;30mLevel 1[0m checking '/home/techsas/auv_ws/install/auv_pkg' for CMake config files
[3.549s] [34mcolcon.colcon_core.environment[0m [1;30mLevel 1[0m checking '/home/techsas/auv_ws/install/auv_pkg/lib'
[3.550s] [34mcolcon.colcon_core.environment[0m [1;30mLevel 1[0m checking '/home/techsas/auv_ws/install/auv_pkg/bin'
[3.550s] [34mcolcon.colcon_core.environment[0m [1;30mLevel 1[0m checking '/home/techsas/auv_ws/install/auv_pkg/lib/pkgconfig/auv_pkg.pc'
[3.551s] [34mcolcon.colcon_core.environment[0m [1;30mLevel 1[0m checking '/home/techsas/auv_ws/install/auv_pkg/lib/python3.10/site-packages'
[3.551s] [34mcolcon.colcon_core.shell[0m [1;30mLevel 1[0m create_environment_hook('auv_pkg', 'pythonpath')
[3.552s] [34mcolcon.colcon_core.shell[0m [1;30mINFO[0m Creating environment hook '/home/techsas/auv_ws/install/auv_pkg/share/auv_pkg/hook/pythonpath.ps1'
[3.553s] [34mcolcon.colcon_core.shell[0m [1;30mINFO[0m Creating environment descriptor '/home/techsas/auv_ws/install/auv_pkg/share/auv_pkg/hook/pythonpath.dsv'
[3.555s] [34mcolcon.colcon_core.shell[0m [1;30mINFO[0m Creating environment hook '/home/techsas/auv_ws/install/auv_pkg/share/auv_pkg/hook/pythonpath.sh'
[3.557s] [34mcolcon.colcon_core.environment[0m [1;30mLevel 1[0m checking '/home/techsas/auv_ws/install/auv_pkg/bin'
[3.558s] [34mcolcon.colcon_core.environment[0m [1;30mLevel 1[0m create_environment_scripts_only(auv_pkg)
[3.559s] [34mcolcon.colcon_core.shell[0m [1;30mINFO[0m Creating package script '/home/techsas/auv_ws/install/auv_pkg/share/auv_pkg/package.ps1'
[3.562s] [34mcolcon.colcon_core.shell[0m [1;30mINFO[0m Creating package descriptor '/home/techsas/auv_ws/install/auv_pkg/share/auv_pkg/package.dsv'
[3.564s] [34mcolcon.colcon_core.shell[0m [1;30mINFO[0m Creating package script '/home/techsas/auv_ws/install/auv_pkg/share/auv_pkg/package.sh'
[3.565s] [34mcolcon.colcon_core.shell[0m [1;30mINFO[0m Creating package script '/home/techsas/auv_ws/install/auv_pkg/share/auv_pkg/package.bash'
[3.567s] [34mcolcon.colcon_core.shell[0m [1;30mINFO[0m Creating package script '/home/techsas/auv_ws/install/auv_pkg/share/auv_pkg/package.zsh'
[3.568s] [34mcolcon.colcon_core.environment[0m [1;30mLevel 1[0m create_file_with_runtime_dependencies(/home/techsas/auv_ws/install/auv_pkg/share/colcon-core/packages/auv_pkg)
[3.569s] [34mcolcon.colcon_parallel_executor.executor.parallel[0m [1;30mDEBUG[0m [32mclosing loop[0m
[3.571s] [34mcolcon.colcon_parallel_executor.executor.parallel[0m [1;30mDEBUG[0m [32mloop closed[0m
[3.571s] [34mcolcon.colcon_parallel_executor.executor.parallel[0m [1;30mDEBUG[0m [32mrun_until_complete finished with '0'[0m
[3.571s] [34mcolcon.colcon_core.event_reactor[0m [1;30mDEBUG[0m [32mjoining thread[0m
[3.573s] [34mcolcon.colcon_core.event_reactor[0m [1;30mDEBUG[0m [32mjoined thread[0m
[3.574s] [34mcolcon.colcon_core.shell[0m [1;30mINFO[0m Creating prefix script '/home/techsas/auv_ws/install/local_setup.ps1'
[3.578s] [34mcolcon.colcon_core.shell[0m [1;30mINFO[0m Creating prefix util module '/home/techsas/auv_ws/install/_local_setup_util_ps1.py'
[3.583s] [34mcolcon.colcon_core.shell[0m [1;30mINFO[0m Creating prefix chain script '/home/techsas/auv_ws/install/setup.ps1'
[3.588s] [34mcolcon.colcon_core.shell[0m [1;30mINFO[0m Creating prefix script '/home/techsas/auv_ws/install/local_setup.sh'
[3.590s] [34mcolcon.colcon_core.shell[0m [1;30mINFO[0m Creating prefix util module '/home/techsas/auv_ws/install/_local_setup_util_sh.py'
[3.592s] [34mcolcon.colcon_core.shell[0m [1;30mINFO[0m Creating prefix chain script '/home/techsas/auv_ws/install/setup.sh'
[3.597s] [34mcolcon.colcon_core.shell[0m [1;30mINFO[0m Creating prefix script '/home/techsas/auv_ws/install/local_setup.bash'
[3.598s] [34mcolcon.colcon_core.shell[0m [1;30mINFO[0m Creating prefix chain script '/home/techsas/auv_ws/install/setup.bash'
[3.602s] [34mcolcon.colcon_core.shell[0m [1;30mINFO[0m Creating prefix script '/home/techsas/auv_ws/install/local_setup.zsh'
[3.604s] [34mcolcon.colcon_core.shell[0m [1;30mINFO[0m Creating prefix chain script '/home/techsas/auv_ws/install/setup.zsh'
