[0.202s] [34mcolcon[0m [1;30mDEBUG[0m [32mCommand line arguments: ['/usr/bin/colcon', 'build', '--symlink-install', '--packages-select', 'auv_interfaces', 'auv_rov', 'auv_pkg', '--build-base', '../build', '--install-base', '../install'][0m
[0.202s] [34mcolcon[0m [1;30mDEBUG[0m [32mParsed command line arguments: Namespace(log_base=None, log_level=None, verb_name='build', build_base='/home/techsas/auv_ws/build', install_base='/home/techsas/auv_ws/install', merge_install=False, symlink_install=True, test_result_base=None, continue_on_error=False, executor='parallel', parallel_workers=8, event_handlers=None, ignore_user_meta=False, metas=['./colcon.meta'], base_paths=['.'], packages_ignore=None, packages_ignore_regex=None, paths=None, packages_up_to=None, packages_up_to_regex=None, packages_above=None, packages_above_and_dependencies=None, packages_above_depth=None, packages_select_by_dep=None, packages_skip_by_dep=None, packages_skip_up_to=None, packages_select_build_failed=False, packages_skip_build_finished=False, packages_select_test_failures=False, packages_skip_test_passed=False, packages_select=['auv_interfaces', 'auv_rov', 'auv_pkg'], packages_skip=None, packages_select_regex=None, packages_skip_regex=None, packages_start=None, packages_end=None, allow_overriding=[], cmake_args=None, cmake_target=None, cmake_target_skip_unavailable=False, cmake_clean_cache=False, cmake_clean_first=False, cmake_force_configure=False, ament_cmake_args=None, catkin_cmake_args=None, catkin_skip_building_tests=False, mixin_files=None, mixin=None, verb_parser=<colcon_mixin.mixin.mixin_argument.MixinArgumentDecorator object at 0xffff90da6170>, verb_extension=<colcon_core.verb.build.BuildVerb object at 0xffff90ebfa90>, main=<bound method BuildVerb.main of <colcon_core.verb.build.BuildVerb object at 0xffff90ebfa90>>, mixin_verb=('build',))[0m
[0.590s] [34mcolcon.colcon_core.package_discovery[0m [1;30mLevel 1[0m discover_packages(colcon_meta) check parameters
[0.590s] [34mcolcon.colcon_core.package_discovery[0m [1;30mLevel 1[0m discover_packages(recursive) check parameters
[0.590s] [34mcolcon.colcon_core.package_discovery[0m [1;30mLevel 1[0m discover_packages(ignore) check parameters
[0.590s] [34mcolcon.colcon_core.package_discovery[0m [1;30mLevel 1[0m discover_packages(path) check parameters
[0.590s] [34mcolcon.colcon_core.package_discovery[0m [1;30mLevel 1[0m discover_packages(colcon_meta) discover
[0.590s] [34mcolcon.colcon_core.package_discovery[0m [1;30mLevel 1[0m discover_packages(recursive) discover
[0.591s] [34mcolcon.colcon_core.package_discovery[0m [1;30mINFO[0m Crawling recursively for packages in '/home/techsas/auv_ws/src'
[0.591s] [34mcolcon.colcon_core.package_identification[0m [1;30mLevel 1[0m _identify(.) by extensions ['ignore', 'ignore_ament_install']
[0.591s] [34mcolcon.colcon_core.package_identification[0m [1;30mLevel 1[0m _identify(.) by extension 'ignore'
[0.591s] [34mcolcon.colcon_core.package_identification[0m [1;30mLevel 1[0m _identify(.) by extension 'ignore_ament_install'
[0.591s] [34mcolcon.colcon_core.package_identification[0m [1;30mLevel 1[0m _identify(.) by extensions ['colcon_pkg']
[0.591s] [34mcolcon.colcon_core.package_identification[0m [1;30mLevel 1[0m _identify(.) by extension 'colcon_pkg'
[0.591s] [34mcolcon.colcon_core.package_identification[0m [1;30mLevel 1[0m _identify(.) by extensions ['colcon_meta']
[0.591s] [34mcolcon.colcon_core.package_identification[0m [1;30mLevel 1[0m _identify(.) by extension 'colcon_meta'
[0.591s] [34mcolcon.colcon_core.package_identification[0m [1;30mLevel 1[0m _identify(.) by extensions ['ros']
[0.591s] [34mcolcon.colcon_core.package_identification[0m [1;30mLevel 1[0m _identify(.) by extension 'ros'
[0.611s] [34mcolcon.colcon_core.package_identification[0m [1;30mLevel 1[0m _identify(.) by extensions ['cmake', 'python']
[0.611s] [34mcolcon.colcon_core.package_identification[0m [1;30mLevel 1[0m _identify(.) by extension 'cmake'
[0.611s] [34mcolcon.colcon_core.package_identification[0m [1;30mLevel 1[0m _identify(.) by extension 'python'
[0.611s] [34mcolcon.colcon_core.package_identification[0m [1;30mLevel 1[0m _identify(.) by extensions ['python_setup_py']
[0.611s] [34mcolcon.colcon_core.package_identification[0m [1;30mLevel 1[0m _identify(.) by extension 'python_setup_py'
[0.611s] [34mcolcon.colcon_core.package_identification[0m [1;30mLevel 1[0m _identify(auv_interfaces) by extensions ['ignore', 'ignore_ament_install']
[0.612s] [34mcolcon.colcon_core.package_identification[0m [1;30mLevel 1[0m _identify(auv_interfaces) by extension 'ignore'
[0.612s] [34mcolcon.colcon_core.package_identification[0m [1;30mLevel 1[0m _identify(auv_interfaces) by extension 'ignore_ament_install'
[0.612s] [34mcolcon.colcon_core.package_identification[0m [1;30mLevel 1[0m _identify(auv_interfaces) by extensions ['colcon_pkg']
[0.612s] [34mcolcon.colcon_core.package_identification[0m [1;30mLevel 1[0m _identify(auv_interfaces) by extension 'colcon_pkg'
[0.612s] [34mcolcon.colcon_core.package_identification[0m [1;30mLevel 1[0m _identify(auv_interfaces) by extensions ['colcon_meta']
[0.612s] [34mcolcon.colcon_core.package_identification[0m [1;30mLevel 1[0m _identify(auv_interfaces) by extension 'colcon_meta'
[0.612s] [34mcolcon.colcon_core.package_identification[0m [1;30mLevel 1[0m _identify(auv_interfaces) by extensions ['ros']
[0.612s] [34mcolcon.colcon_core.package_identification[0m [1;30mLevel 1[0m _identify(auv_interfaces) by extension 'ros'
[0.643s] [34mcolcon.colcon_core.package_identification[0m [1;30mDEBUG[0m [32mPackage 'auv_interfaces' with type 'ros.ament_cmake' and name 'auv_interfaces'[0m
[0.643s] [34mcolcon.colcon_core.package_identification[0m [1;30mLevel 1[0m _identify(auv_pkg) by extensions ['ignore', 'ignore_ament_install']
[0.644s] [34mcolcon.colcon_core.package_identification[0m [1;30mLevel 1[0m _identify(auv_pkg) by extension 'ignore'
[0.644s] [34mcolcon.colcon_core.package_identification[0m [1;30mLevel 1[0m _identify(auv_pkg) by extension 'ignore_ament_install'
[0.644s] [34mcolcon.colcon_core.package_identification[0m [1;30mLevel 1[0m _identify(auv_pkg) by extensions ['colcon_pkg']
[0.644s] [34mcolcon.colcon_core.package_identification[0m [1;30mLevel 1[0m _identify(auv_pkg) by extension 'colcon_pkg'
[0.644s] [34mcolcon.colcon_core.package_identification[0m [1;30mLevel 1[0m _identify(auv_pkg) by extensions ['colcon_meta']
[0.644s] [34mcolcon.colcon_core.package_identification[0m [1;30mLevel 1[0m _identify(auv_pkg) by extension 'colcon_meta'
[0.644s] [34mcolcon.colcon_core.package_identification[0m [1;30mLevel 1[0m _identify(auv_pkg) by extensions ['ros']
[0.644s] [34mcolcon.colcon_core.package_identification[0m [1;30mLevel 1[0m _identify(auv_pkg) by extension 'ros'
[0.646s] [34mcolcon.colcon_core.package_identification[0m [1;30mDEBUG[0m [32mPackage 'auv_pkg' with type 'ros.ament_python' and name 'auv_pkg'[0m
[0.646s] [34mcolcon.colcon_core.package_identification[0m [1;30mLevel 1[0m _identify(auv_rov) by extensions ['ignore', 'ignore_ament_install']
[0.646s] [34mcolcon.colcon_core.package_identification[0m [1;30mLevel 1[0m _identify(auv_rov) by extension 'ignore'
[0.646s] [34mcolcon.colcon_core.package_identification[0m [1;30mLevel 1[0m _identify(auv_rov) by extension 'ignore_ament_install'
[0.646s] [34mcolcon.colcon_core.package_identification[0m [1;30mLevel 1[0m _identify(auv_rov) by extensions ['colcon_pkg']
[0.646s] [34mcolcon.colcon_core.package_identification[0m [1;30mLevel 1[0m _identify(auv_rov) by extension 'colcon_pkg'
[0.646s] [34mcolcon.colcon_core.package_identification[0m [1;30mLevel 1[0m _identify(auv_rov) by extensions ['colcon_meta']
[0.646s] [34mcolcon.colcon_core.package_identification[0m [1;30mLevel 1[0m _identify(auv_rov) by extension 'colcon_meta'
[0.646s] [34mcolcon.colcon_core.package_identification[0m [1;30mLevel 1[0m _identify(auv_rov) by extensions ['ros']
[0.646s] [34mcolcon.colcon_core.package_identification[0m [1;30mLevel 1[0m _identify(auv_rov) by extension 'ros'
[0.647s] [34mcolcon.colcon_core.package_identification[0m [1;30mDEBUG[0m [32mPackage 'auv_rov' with type 'ros.ament_python' and name 'auv_rov'[0m
[0.648s] [34mcolcon.colcon_core.package_identification[0m [1;30mLevel 1[0m _identify(log) by extensions ['ignore', 'ignore_ament_install']
[0.648s] [34mcolcon.colcon_core.package_identification[0m [1;30mLevel 1[0m _identify(log) by extension 'ignore'
[0.648s] [34mcolcon.colcon_core.package_identification[0m [1;30mLevel 1[0m _identify(log) ignored
[0.648s] [34mcolcon.colcon_core.package_discovery[0m [1;30mLevel 1[0m discover_packages(recursive) using defaults
[0.648s] [34mcolcon.colcon_core.package_discovery[0m [1;30mLevel 1[0m discover_packages(ignore) discover
[0.648s] [34mcolcon.colcon_core.package_discovery[0m [1;30mLevel 1[0m discover_packages(ignore) using defaults
[0.648s] [34mcolcon.colcon_core.package_discovery[0m [1;30mLevel 1[0m discover_packages(path) discover
[0.648s] [34mcolcon.colcon_core.package_discovery[0m [1;30mLevel 1[0m discover_packages(path) using defaults
[0.680s] [34mcolcon.colcon_core.package_discovery[0m [1;30mLevel 1[0m discover_packages(prefix_path) check parameters
[0.681s] [34mcolcon.colcon_core.package_discovery[0m [1;30mLevel 1[0m discover_packages(prefix_path) discover
[0.685s] [34mcolcon.colcon_installed_package_information.package_discovery[0m [1;30mDEBUG[0m [32mFound 3 installed packages in /home/techsas/microros_ws/install[0m
[0.686s] [34mcolcon.colcon_installed_package_information.package_discovery[0m [1;30mDEBUG[0m [32mFound 2 installed packages in /home/techsas/auv_ws/install[0m
[0.688s] [34mcolcon.colcon_installed_package_information.package_discovery[0m [1;30mDEBUG[0m [32mFound 273 installed packages in /opt/ros/humble[0m
[0.690s] [34mcolcon.colcon_core.package_discovery[0m [1;30mLevel 1[0m discover_packages(prefix_path) using defaults
[0.752s] [34mcolcon.colcon_core.verb[0m [1;30mLevel 5[0m set package 'auv_interfaces' build argument 'cmake_args' from command line to 'None'
[0.752s] [34mcolcon.colcon_core.verb[0m [1;30mLevel 5[0m set package 'auv_interfaces' build argument 'cmake_target' from command line to 'None'
[0.752s] [34mcolcon.colcon_core.verb[0m [1;30mLevel 5[0m set package 'auv_interfaces' build argument 'cmake_target_skip_unavailable' from command line to 'False'
[0.752s] [34mcolcon.colcon_core.verb[0m [1;30mLevel 5[0m set package 'auv_interfaces' build argument 'cmake_clean_cache' from command line to 'False'
[0.753s] [34mcolcon.colcon_core.verb[0m [1;30mLevel 5[0m set package 'auv_interfaces' build argument 'cmake_clean_first' from command line to 'False'
[0.753s] [34mcolcon.colcon_core.verb[0m [1;30mLevel 5[0m set package 'auv_interfaces' build argument 'cmake_force_configure' from command line to 'False'
[0.753s] [34mcolcon.colcon_core.verb[0m [1;30mLevel 5[0m set package 'auv_interfaces' build argument 'ament_cmake_args' from command line to 'None'
[0.753s] [34mcolcon.colcon_core.verb[0m [1;30mLevel 5[0m set package 'auv_interfaces' build argument 'catkin_cmake_args' from command line to 'None'
[0.753s] [34mcolcon.colcon_core.verb[0m [1;30mLevel 5[0m set package 'auv_interfaces' build argument 'catkin_skip_building_tests' from command line to 'False'
[0.753s] [34mcolcon.colcon_core.verb[0m [1;30mDEBUG[0m [32mBuilding package 'auv_interfaces' with the following arguments: {'ament_cmake_args': None, 'build_base': '/home/techsas/auv_ws/build/auv_interfaces', 'catkin_cmake_args': None, 'catkin_skip_building_tests': False, 'cmake_args': None, 'cmake_clean_cache': False, 'cmake_clean_first': False, 'cmake_force_configure': False, 'cmake_target': None, 'cmake_target_skip_unavailable': False, 'install_base': '/home/techsas/auv_ws/install/auv_interfaces', 'merge_install': False, 'path': '/home/techsas/auv_ws/src/auv_interfaces', 'symlink_install': True, 'test_result_base': None}[0m
[0.753s] [34mcolcon.colcon_core.verb[0m [1;30mLevel 5[0m set package 'auv_rov' build argument 'cmake_args' from command line to 'None'
[0.753s] [34mcolcon.colcon_core.verb[0m [1;30mLevel 5[0m set package 'auv_rov' build argument 'cmake_target' from command line to 'None'
[0.753s] [34mcolcon.colcon_core.verb[0m [1;30mLevel 5[0m set package 'auv_rov' build argument 'cmake_target_skip_unavailable' from command line to 'False'
[0.753s] [34mcolcon.colcon_core.verb[0m [1;30mLevel 5[0m set package 'auv_rov' build argument 'cmake_clean_cache' from command line to 'False'
[0.754s] [34mcolcon.colcon_core.verb[0m [1;30mLevel 5[0m set package 'auv_rov' build argument 'cmake_clean_first' from command line to 'False'
[0.754s] [34mcolcon.colcon_core.verb[0m [1;30mLevel 5[0m set package 'auv_rov' build argument 'cmake_force_configure' from command line to 'False'
[0.754s] [34mcolcon.colcon_core.verb[0m [1;30mLevel 5[0m set package 'auv_rov' build argument 'ament_cmake_args' from command line to 'None'
[0.754s] [34mcolcon.colcon_core.verb[0m [1;30mLevel 5[0m set package 'auv_rov' build argument 'catkin_cmake_args' from command line to 'None'
[0.754s] [34mcolcon.colcon_core.verb[0m [1;30mLevel 5[0m set package 'auv_rov' build argument 'catkin_skip_building_tests' from command line to 'False'
[0.754s] [34mcolcon.colcon_core.verb[0m [1;30mDEBUG[0m [32mBuilding package 'auv_rov' with the following arguments: {'ament_cmake_args': None, 'build_base': '/home/techsas/auv_ws/build/auv_rov', 'catkin_cmake_args': None, 'catkin_skip_building_tests': False, 'cmake_args': None, 'cmake_clean_cache': False, 'cmake_clean_first': False, 'cmake_force_configure': False, 'cmake_target': None, 'cmake_target_skip_unavailable': False, 'install_base': '/home/techsas/auv_ws/install/auv_rov', 'merge_install': False, 'path': '/home/techsas/auv_ws/src/auv_rov', 'symlink_install': True, 'test_result_base': None}[0m
[0.754s] [34mcolcon.colcon_core.verb[0m [1;30mLevel 5[0m set package 'auv_pkg' build argument 'cmake_args' from command line to 'None'
[0.754s] [34mcolcon.colcon_core.verb[0m [1;30mLevel 5[0m set package 'auv_pkg' build argument 'cmake_target' from command line to 'None'
[0.754s] [34mcolcon.colcon_core.verb[0m [1;30mLevel 5[0m set package 'auv_pkg' build argument 'cmake_target_skip_unavailable' from command line to 'False'
[0.754s] [34mcolcon.colcon_core.verb[0m [1;30mLevel 5[0m set package 'auv_pkg' build argument 'cmake_clean_cache' from command line to 'False'
[0.754s] [34mcolcon.colcon_core.verb[0m [1;30mLevel 5[0m set package 'auv_pkg' build argument 'cmake_clean_first' from command line to 'False'
[0.754s] [34mcolcon.colcon_core.verb[0m [1;30mLevel 5[0m set package 'auv_pkg' build argument 'cmake_force_configure' from command line to 'False'
[0.754s] [34mcolcon.colcon_core.verb[0m [1;30mLevel 5[0m set package 'auv_pkg' build argument 'ament_cmake_args' from command line to 'None'
[0.755s] [34mcolcon.colcon_core.verb[0m [1;30mLevel 5[0m set package 'auv_pkg' build argument 'catkin_cmake_args' from command line to 'None'
[0.755s] [34mcolcon.colcon_core.verb[0m [1;30mLevel 5[0m set package 'auv_pkg' build argument 'catkin_skip_building_tests' from command line to 'False'
[0.755s] [34mcolcon.colcon_core.verb[0m [1;30mDEBUG[0m [32mBuilding package 'auv_pkg' with the following arguments: {'ament_cmake_args': None, 'build_base': '/home/techsas/auv_ws/build/auv_pkg', 'catkin_cmake_args': None, 'catkin_skip_building_tests': False, 'cmake_args': None, 'cmake_clean_cache': False, 'cmake_clean_first': False, 'cmake_force_configure': False, 'cmake_target': None, 'cmake_target_skip_unavailable': False, 'install_base': '/home/techsas/auv_ws/install/auv_pkg', 'merge_install': False, 'path': '/home/techsas/auv_ws/src/auv_pkg', 'symlink_install': True, 'test_result_base': None}[0m
[0.755s] [34mcolcon.colcon_core.executor[0m [1;30mINFO[0m Executing jobs using 'parallel' executor
[0.757s] [34mcolcon.colcon_parallel_executor.executor.parallel[0m [1;30mDEBUG[0m [32mrun_until_complete[0m
[0.758s] [34mcolcon.colcon_ros.task.ament_cmake.build[0m [1;30mINFO[0m Building ROS package in '/home/techsas/auv_ws/src/auv_interfaces' with build type 'ament_cmake'
[0.758s] [34mcolcon.colcon_cmake.task.cmake.build[0m [1;30mINFO[0m Building CMake package in '/home/techsas/auv_ws/src/auv_interfaces'
[0.764s] [34mcolcon.colcon_core.plugin_system[0m [1;30mINFO[0m Skipping extension 'colcon_core.shell.bat': Not used on non-Windows systems
[0.764s] [34mcolcon.colcon_core.shell[0m [1;30mINFO[0m Skip shell extension 'powershell' for command environment: Not usable outside of PowerShell
[0.764s] [34mcolcon.colcon_core.shell[0m [1;30mDEBUG[0m [32mSkip shell extension 'dsv' for command environment[0m
[0.771s] [34mcolcon.colcon_ros.task.ament_python.build[0m [1;30mINFO[0m Building ROS package in '/home/techsas/auv_ws/src/auv_rov' with build type 'ament_python'
[0.771s] [34mcolcon.colcon_core.shell[0m [1;30mLevel 1[0m create_environment_hook('auv_rov', 'ament_prefix_path')
[0.771s] [34mcolcon.colcon_core.shell[0m [1;30mINFO[0m Creating environment hook '/home/techsas/auv_ws/install/auv_rov/share/auv_rov/hook/ament_prefix_path.ps1'
[0.773s] [34mcolcon.colcon_core.shell[0m [1;30mINFO[0m Creating environment descriptor '/home/techsas/auv_ws/install/auv_rov/share/auv_rov/hook/ament_prefix_path.dsv'
[0.774s] [34mcolcon.colcon_core.shell[0m [1;30mINFO[0m Creating environment hook '/home/techsas/auv_ws/install/auv_rov/share/auv_rov/hook/ament_prefix_path.sh'
[0.775s] [34mcolcon.colcon_core.shell[0m [1;30mINFO[0m Skip shell extension 'powershell' for command environment: Not usable outside of PowerShell
[0.775s] [34mcolcon.colcon_core.shell[0m [1;30mDEBUG[0m [32mSkip shell extension 'dsv' for command environment[0m
[0.789s] [34mcolcon.colcon_core.event_handler.log_command[0m [1;30mDEBUG[0m [32mInvoking command in '/home/techsas/auv_ws/build/auv_interfaces': CMAKE_PREFIX_PATH=${CMAKE_PREFIX_PATH}:/home/techsas/auv_ws/install/auv_pkg:/opt/ros/humble /usr/bin/cmake --build /home/techsas/auv_ws/build/auv_interfaces -- -j8 -l8[0m
[1.280s] [34mcolcon.colcon_core.task.python.build[0m [1;30mINFO[0m Building Python package in '/home/techsas/auv_ws/src/auv_rov'
[1.281s] [34mcolcon.colcon_core.shell[0m [1;30mINFO[0m Skip shell extension 'powershell' for command environment: Not usable outside of PowerShell
[1.281s] [34mcolcon.colcon_core.shell[0m [1;30mDEBUG[0m [32mSkip shell extension 'dsv' for command environment[0m
[1.491s] [34mcolcon.colcon_core.event_handler.log_command[0m [1;30mDEBUG[0m [32mInvoked command in '/home/techsas/auv_ws/build/auv_interfaces' returned '0': CMAKE_PREFIX_PATH=${CMAKE_PREFIX_PATH}:/home/techsas/auv_ws/install/auv_pkg:/opt/ros/humble /usr/bin/cmake --build /home/techsas/auv_ws/build/auv_interfaces -- -j8 -l8[0m
[1.513s] [34mcolcon.colcon_core.event_handler.log_command[0m [1;30mDEBUG[0m [32mInvoking command in '/home/techsas/auv_ws/build/auv_interfaces': CMAKE_PREFIX_PATH=${CMAKE_PREFIX_PATH}:/home/techsas/auv_ws/install/auv_pkg:/opt/ros/humble /usr/bin/cmake --install /home/techsas/auv_ws/build/auv_interfaces[0m
[1.747s] [34mcolcon.colcon_core.environment[0m [1;30mLevel 1[0m create_environment_scripts_only(auv_interfaces)
[1.749s] [34mcolcon.colcon_core.event_handler.log_command[0m [1;30mDEBUG[0m [32mInvoked command in '/home/techsas/auv_ws/build/auv_interfaces' returned '0': CMAKE_PREFIX_PATH=${CMAKE_PREFIX_PATH}:/home/techsas/auv_ws/install/auv_pkg:/opt/ros/humble /usr/bin/cmake --install /home/techsas/auv_ws/build/auv_interfaces[0m
[1.758s] [34mcolcon.colcon_core.environment[0m [1;30mLevel 1[0m checking '/home/techsas/auv_ws/install/auv_interfaces' for CMake module files
[1.759s] [34mcolcon.colcon_core.environment[0m [1;30mLevel 1[0m checking '/home/techsas/auv_ws/install/auv_interfaces' for CMake config files
[1.760s] [34mcolcon.colcon_core.shell[0m [1;30mLevel 1[0m create_environment_hook('auv_interfaces', 'cmake_prefix_path')
[1.761s] [34mcolcon.colcon_core.shell[0m [1;30mINFO[0m Creating environment hook '/home/techsas/auv_ws/install/auv_interfaces/share/auv_interfaces/hook/cmake_prefix_path.ps1'
[1.762s] [34mcolcon.colcon_core.shell[0m [1;30mINFO[0m Creating environment descriptor '/home/techsas/auv_ws/install/auv_interfaces/share/auv_interfaces/hook/cmake_prefix_path.dsv'
[1.762s] [34mcolcon.colcon_core.shell[0m [1;30mINFO[0m Creating environment hook '/home/techsas/auv_ws/install/auv_interfaces/share/auv_interfaces/hook/cmake_prefix_path.sh'
[1.764s] [34mcolcon.colcon_core.environment[0m [1;30mLevel 1[0m checking '/home/techsas/auv_ws/install/auv_interfaces/lib'
[1.765s] [34mcolcon.colcon_core.shell[0m [1;30mLevel 1[0m create_environment_hook('auv_interfaces', 'ld_library_path_lib')
[1.766s] [34mcolcon.colcon_core.shell[0m [1;30mINFO[0m Creating environment hook '/home/techsas/auv_ws/install/auv_interfaces/share/auv_interfaces/hook/ld_library_path_lib.ps1'
[1.767s] [34mcolcon.colcon_core.shell[0m [1;30mINFO[0m Creating environment descriptor '/home/techsas/auv_ws/install/auv_interfaces/share/auv_interfaces/hook/ld_library_path_lib.dsv'
[1.769s] [34mcolcon.colcon_core.shell[0m [1;30mINFO[0m Creating environment hook '/home/techsas/auv_ws/install/auv_interfaces/share/auv_interfaces/hook/ld_library_path_lib.sh'
[1.770s] [34mcolcon.colcon_core.environment[0m [1;30mLevel 1[0m checking '/home/techsas/auv_ws/install/auv_interfaces/bin'
[1.770s] [34mcolcon.colcon_core.environment[0m [1;30mLevel 1[0m checking '/home/techsas/auv_ws/install/auv_interfaces/lib/pkgconfig/auv_interfaces.pc'
[1.771s] [34mcolcon.colcon_core.environment[0m [1;30mLevel 1[0m checking '/home/techsas/auv_ws/install/auv_interfaces/lib/python3.10/site-packages'
[1.773s] [34mcolcon.colcon_core.environment[0m [1;30mLevel 1[0m checking '/home/techsas/auv_ws/install/auv_interfaces/bin'
[1.774s] [34mcolcon.colcon_core.shell[0m [1;30mINFO[0m Creating package script '/home/techsas/auv_ws/install/auv_interfaces/share/auv_interfaces/package.ps1'
[1.779s] [34mcolcon.colcon_core.shell[0m [1;30mINFO[0m Creating package descriptor '/home/techsas/auv_ws/install/auv_interfaces/share/auv_interfaces/package.dsv'
[1.782s] [34mcolcon.colcon_core.shell[0m [1;30mINFO[0m Creating package script '/home/techsas/auv_ws/install/auv_interfaces/share/auv_interfaces/package.sh'
[1.784s] [34mcolcon.colcon_core.shell[0m [1;30mINFO[0m Creating package script '/home/techsas/auv_ws/install/auv_interfaces/share/auv_interfaces/package.bash'
[1.788s] [34mcolcon.colcon_core.shell[0m [1;30mINFO[0m Creating package script '/home/techsas/auv_ws/install/auv_interfaces/share/auv_interfaces/package.zsh'
[1.791s] [34mcolcon.colcon_core.environment[0m [1;30mLevel 1[0m create_file_with_runtime_dependencies(/home/techsas/auv_ws/install/auv_interfaces/share/colcon-core/packages/auv_interfaces)
[1.793s] [34mcolcon.colcon_core.environment[0m [1;30mLevel 1[0m create_environment_scripts_only(auv_interfaces)
[1.794s] [34mcolcon.colcon_core.environment[0m [1;30mLevel 1[0m checking '/home/techsas/auv_ws/install/auv_interfaces' for CMake module files
[1.796s] [34mcolcon.colcon_core.environment[0m [1;30mLevel 1[0m checking '/home/techsas/auv_ws/install/auv_interfaces' for CMake config files
[1.797s] [34mcolcon.colcon_core.shell[0m [1;30mLevel 1[0m create_environment_hook('auv_interfaces', 'cmake_prefix_path')
[1.798s] [34mcolcon.colcon_core.shell[0m [1;30mINFO[0m Creating environment hook '/home/techsas/auv_ws/install/auv_interfaces/share/auv_interfaces/hook/cmake_prefix_path.ps1'
[1.800s] [34mcolcon.colcon_core.shell[0m [1;30mINFO[0m Creating environment descriptor '/home/techsas/auv_ws/install/auv_interfaces/share/auv_interfaces/hook/cmake_prefix_path.dsv'
[1.801s] [34mcolcon.colcon_core.shell[0m [1;30mINFO[0m Creating environment hook '/home/techsas/auv_ws/install/auv_interfaces/share/auv_interfaces/hook/cmake_prefix_path.sh'
[1.803s] [34mcolcon.colcon_core.environment[0m [1;30mLevel 1[0m checking '/home/techsas/auv_ws/install/auv_interfaces/lib'
[1.803s] [34mcolcon.colcon_core.shell[0m [1;30mLevel 1[0m create_environment_hook('auv_interfaces', 'ld_library_path_lib')
[1.804s] [34mcolcon.colcon_core.shell[0m [1;30mINFO[0m Creating environment hook '/home/techsas/auv_ws/install/auv_interfaces/share/auv_interfaces/hook/ld_library_path_lib.ps1'
[1.805s] [34mcolcon.colcon_core.shell[0m [1;30mINFO[0m Creating environment descriptor '/home/techsas/auv_ws/install/auv_interfaces/share/auv_interfaces/hook/ld_library_path_lib.dsv'
[1.806s] [34mcolcon.colcon_core.shell[0m [1;30mINFO[0m Creating environment hook '/home/techsas/auv_ws/install/auv_interfaces/share/auv_interfaces/hook/ld_library_path_lib.sh'
[1.807s] [34mcolcon.colcon_core.environment[0m [1;30mLevel 1[0m checking '/home/techsas/auv_ws/install/auv_interfaces/bin'
[1.808s] [34mcolcon.colcon_core.environment[0m [1;30mLevel 1[0m checking '/home/techsas/auv_ws/install/auv_interfaces/lib/pkgconfig/auv_interfaces.pc'
[1.808s] [34mcolcon.colcon_core.environment[0m [1;30mLevel 1[0m checking '/home/techsas/auv_ws/install/auv_interfaces/lib/python3.10/site-packages'
[1.809s] [34mcolcon.colcon_core.environment[0m [1;30mLevel 1[0m checking '/home/techsas/auv_ws/install/auv_interfaces/bin'
[1.810s] [34mcolcon.colcon_core.shell[0m [1;30mINFO[0m Creating package script '/home/techsas/auv_ws/install/auv_interfaces/share/auv_interfaces/package.ps1'
[1.813s] [34mcolcon.colcon_core.shell[0m [1;30mINFO[0m Creating package descriptor '/home/techsas/auv_ws/install/auv_interfaces/share/auv_interfaces/package.dsv'
[1.814s] [34mcolcon.colcon_core.shell[0m [1;30mINFO[0m Creating package script '/home/techsas/auv_ws/install/auv_interfaces/share/auv_interfaces/package.sh'
[1.815s] [34mcolcon.colcon_core.shell[0m [1;30mINFO[0m Creating package script '/home/techsas/auv_ws/install/auv_interfaces/share/auv_interfaces/package.bash'
[1.816s] [34mcolcon.colcon_core.shell[0m [1;30mINFO[0m Creating package script '/home/techsas/auv_ws/install/auv_interfaces/share/auv_interfaces/package.zsh'
[1.818s] [34mcolcon.colcon_core.environment[0m [1;30mLevel 1[0m create_file_with_runtime_dependencies(/home/techsas/auv_ws/install/auv_interfaces/share/colcon-core/packages/auv_interfaces)
[1.818s] [34mcolcon.colcon_ros.task.ament_python.build[0m [1;30mINFO[0m Building ROS package in '/home/techsas/auv_ws/src/auv_pkg' with build type 'ament_python'
[1.819s] [34mcolcon.colcon_core.shell[0m [1;30mLevel 1[0m create_environment_hook('auv_pkg', 'ament_prefix_path')
[1.820s] [34mcolcon.colcon_core.shell[0m [1;30mINFO[0m Creating environment hook '/home/techsas/auv_ws/install/auv_pkg/share/auv_pkg/hook/ament_prefix_path.ps1'
[1.821s] [34mcolcon.colcon_core.shell[0m [1;30mINFO[0m Creating environment descriptor '/home/techsas/auv_ws/install/auv_pkg/share/auv_pkg/hook/ament_prefix_path.dsv'
[1.823s] [34mcolcon.colcon_core.shell[0m [1;30mINFO[0m Creating environment hook '/home/techsas/auv_ws/install/auv_pkg/share/auv_pkg/hook/ament_prefix_path.sh'
[1.825s] [34mcolcon.colcon_core.shell[0m [1;30mINFO[0m Skip shell extension 'powershell' for command environment: Not usable outside of PowerShell
[1.825s] [34mcolcon.colcon_core.shell[0m [1;30mDEBUG[0m [32mSkip shell extension 'dsv' for command environment[0m
[2.308s] [34mcolcon.colcon_core.task.python.build[0m [1;30mINFO[0m Building Python package in '/home/techsas/auv_ws/src/auv_pkg'
[2.309s] [34mcolcon.colcon_core.shell[0m [1;30mINFO[0m Skip shell extension 'powershell' for command environment: Not usable outside of PowerShell
[2.309s] [34mcolcon.colcon_core.shell[0m [1;30mDEBUG[0m [32mSkip shell extension 'dsv' for command environment[0m
[2.328s] [34mcolcon.colcon_core.event_handler.log_command[0m [1;30mDEBUG[0m [32mInvoking command in '/home/techsas/auv_ws/build/auv_rov': PYTHONPATH=/home/techsas/auv_ws/build/auv_rov/prefix_override:/usr/lib/python3/dist-packages/colcon_core/task/python/colcon_distutils_commands:/home/techsas/auv_ws/install/auv_rov/lib/python3.10/site-packages:${PYTHONPATH} /usr/bin/python3 -W ignore:setup.py install is deprecated -W ignore:easy_install command is deprecated setup.py develop --editable --build-directory /home/techsas/auv_ws/build/auv_rov/build --no-deps symlink_data[0m
[2.925s] [34mcolcon.colcon_core.event_handler.log_command[0m [1;30mDEBUG[0m [32mInvoking command in '/home/techsas/auv_ws/build/auv_pkg': LD_LIBRARY_PATH=/home/techsas/auv_ws/install/auv_interfaces/lib:/usr/local/lib:/usr/local/cuda-12.6/lib64:/usr/local/lib:/home/techsas/microros_ws/install/micro_ros_agent/lib:/home/techsas/microros_ws/install/micro_ros_msgs/lib:/opt/ros/humble/opt/rviz_ogre_vendor/lib:/opt/ros/humble/lib/aarch64-linux-gnu:/opt/ros/humble/lib:/usr/local/cuda-12.6/lib64 PYTHONPATH=/home/techsas/auv_ws/build/auv_pkg/prefix_override:/usr/lib/python3/dist-packages/colcon_core/task/python/colcon_distutils_commands:/home/techsas/auv_ws/install/auv_pkg/lib/python3.10/site-packages:${PYTHONPATH} /usr/bin/python3 -W ignore:setup.py install is deprecated -W ignore:easy_install command is deprecated setup.py develop --editable --build-directory /home/techsas/auv_ws/build/auv_pkg/build --no-deps symlink_data[0m
[3.154s] [34mcolcon.colcon_core.shell[0m [1;30mLevel 1[0m create_environment_hook('auv_rov', 'pythonpath_develop')
[3.155s] [34mcolcon.colcon_core.shell[0m [1;30mINFO[0m Creating environment hook '/home/techsas/auv_ws/build/auv_rov/share/auv_rov/hook/pythonpath_develop.ps1'
[3.156s] [34mcolcon.colcon_core.event_handler.log_command[0m [1;30mDEBUG[0m [32mInvoked command in '/home/techsas/auv_ws/build/auv_rov' returned '0': PYTHONPATH=/home/techsas/auv_ws/build/auv_rov/prefix_override:/usr/lib/python3/dist-packages/colcon_core/task/python/colcon_distutils_commands:/home/techsas/auv_ws/install/auv_rov/lib/python3.10/site-packages:${PYTHONPATH} /usr/bin/python3 -W ignore:setup.py install is deprecated -W ignore:easy_install command is deprecated setup.py develop --editable --build-directory /home/techsas/auv_ws/build/auv_rov/build --no-deps symlink_data[0m
[3.158s] [34mcolcon.colcon_core.shell[0m [1;30mINFO[0m Creating environment descriptor '/home/techsas/auv_ws/build/auv_rov/share/auv_rov/hook/pythonpath_develop.dsv'
[3.159s] [34mcolcon.colcon_core.shell[0m [1;30mINFO[0m Creating environment hook '/home/techsas/auv_ws/build/auv_rov/share/auv_rov/hook/pythonpath_develop.sh'
[3.161s] [34mcolcon.colcon_core.environment[0m [1;30mLevel 1[0m checking '/home/techsas/auv_ws/install/auv_rov' for CMake module files
[3.162s] [34mcolcon.colcon_core.environment[0m [1;30mLevel 1[0m checking '/home/techsas/auv_ws/install/auv_rov' for CMake config files
[3.164s] [34mcolcon.colcon_core.environment[0m [1;30mLevel 1[0m checking '/home/techsas/auv_ws/install/auv_rov/lib'
[3.164s] [34mcolcon.colcon_core.environment[0m [1;30mLevel 1[0m checking '/home/techsas/auv_ws/install/auv_rov/bin'
[3.164s] [34mcolcon.colcon_core.environment[0m [1;30mLevel 1[0m checking '/home/techsas/auv_ws/install/auv_rov/lib/pkgconfig/auv_rov.pc'
[3.165s] [34mcolcon.colcon_core.environment[0m [1;30mLevel 1[0m checking '/home/techsas/auv_ws/install/auv_rov/lib/python3.10/site-packages'
[3.166s] [34mcolcon.colcon_core.shell[0m [1;30mLevel 1[0m create_environment_hook('auv_rov', 'pythonpath')
[3.167s] [34mcolcon.colcon_core.shell[0m [1;30mINFO[0m Creating environment hook '/home/techsas/auv_ws/install/auv_rov/share/auv_rov/hook/pythonpath.ps1'
[3.168s] [34mcolcon.colcon_core.shell[0m [1;30mINFO[0m Creating environment descriptor '/home/techsas/auv_ws/install/auv_rov/share/auv_rov/hook/pythonpath.dsv'
[3.169s] [34mcolcon.colcon_core.shell[0m [1;30mINFO[0m Creating environment hook '/home/techsas/auv_ws/install/auv_rov/share/auv_rov/hook/pythonpath.sh'
[3.171s] [34mcolcon.colcon_core.environment[0m [1;30mLevel 1[0m checking '/home/techsas/auv_ws/install/auv_rov/bin'
[3.172s] [34mcolcon.colcon_core.environment[0m [1;30mLevel 1[0m create_environment_scripts_only(auv_rov)
[3.173s] [34mcolcon.colcon_core.shell[0m [1;30mINFO[0m Creating package script '/home/techsas/auv_ws/install/auv_rov/share/auv_rov/package.ps1'
[3.175s] [34mcolcon.colcon_core.shell[0m [1;30mINFO[0m Creating package descriptor '/home/techsas/auv_ws/install/auv_rov/share/auv_rov/package.dsv'
[3.177s] [34mcolcon.colcon_core.shell[0m [1;30mINFO[0m Creating package script '/home/techsas/auv_ws/install/auv_rov/share/auv_rov/package.sh'
[3.178s] [34mcolcon.colcon_core.shell[0m [1;30mINFO[0m Creating package script '/home/techsas/auv_ws/install/auv_rov/share/auv_rov/package.bash'
[3.180s] [34mcolcon.colcon_core.shell[0m [1;30mINFO[0m Creating package script '/home/techsas/auv_ws/install/auv_rov/share/auv_rov/package.zsh'
[3.181s] [34mcolcon.colcon_core.environment[0m [1;30mLevel 1[0m create_file_with_runtime_dependencies(/home/techsas/auv_ws/install/auv_rov/share/colcon-core/packages/auv_rov)
[3.757s] [34mcolcon.colcon_core.shell[0m [1;30mLevel 1[0m create_environment_hook('auv_pkg', 'pythonpath_develop')
[3.758s] [34mcolcon.colcon_core.shell[0m [1;30mINFO[0m Creating environment hook '/home/techsas/auv_ws/build/auv_pkg/share/auv_pkg/hook/pythonpath_develop.ps1'
[3.760s] [34mcolcon.colcon_core.event_handler.log_command[0m [1;30mDEBUG[0m [32mInvoked command in '/home/techsas/auv_ws/build/auv_pkg' returned '0': LD_LIBRARY_PATH=/home/techsas/auv_ws/install/auv_interfaces/lib:/usr/local/lib:/usr/local/cuda-12.6/lib64:/usr/local/lib:/home/techsas/microros_ws/install/micro_ros_agent/lib:/home/techsas/microros_ws/install/micro_ros_msgs/lib:/opt/ros/humble/opt/rviz_ogre_vendor/lib:/opt/ros/humble/lib/aarch64-linux-gnu:/opt/ros/humble/lib:/usr/local/cuda-12.6/lib64 PYTHONPATH=/home/techsas/auv_ws/build/auv_pkg/prefix_override:/usr/lib/python3/dist-packages/colcon_core/task/python/colcon_distutils_commands:/home/techsas/auv_ws/install/auv_pkg/lib/python3.10/site-packages:${PYTHONPATH} /usr/bin/python3 -W ignore:setup.py install is deprecated -W ignore:easy_install command is deprecated setup.py develop --editable --build-directory /home/techsas/auv_ws/build/auv_pkg/build --no-deps symlink_data[0m
[3.761s] [34mcolcon.colcon_core.shell[0m [1;30mINFO[0m Creating environment descriptor '/home/techsas/auv_ws/build/auv_pkg/share/auv_pkg/hook/pythonpath_develop.dsv'
[3.763s] [34mcolcon.colcon_core.shell[0m [1;30mINFO[0m Creating environment hook '/home/techsas/auv_ws/build/auv_pkg/share/auv_pkg/hook/pythonpath_develop.sh'
[3.765s] [34mcolcon.colcon_core.environment[0m [1;30mLevel 1[0m checking '/home/techsas/auv_ws/install/auv_pkg' for CMake module files
[3.768s] [34mcolcon.colcon_core.environment[0m [1;30mLevel 1[0m checking '/home/techsas/auv_ws/install/auv_pkg' for CMake config files
[3.770s] [34mcolcon.colcon_core.environment[0m [1;30mLevel 1[0m checking '/home/techsas/auv_ws/install/auv_pkg/lib'
[3.771s] [34mcolcon.colcon_core.environment[0m [1;30mLevel 1[0m checking '/home/techsas/auv_ws/install/auv_pkg/bin'
[3.771s] [34mcolcon.colcon_core.environment[0m [1;30mLevel 1[0m checking '/home/techsas/auv_ws/install/auv_pkg/lib/pkgconfig/auv_pkg.pc'
[3.772s] [34mcolcon.colcon_core.environment[0m [1;30mLevel 1[0m checking '/home/techsas/auv_ws/install/auv_pkg/lib/python3.10/site-packages'
[3.772s] [34mcolcon.colcon_core.shell[0m [1;30mLevel 1[0m create_environment_hook('auv_pkg', 'pythonpath')
[3.773s] [34mcolcon.colcon_core.shell[0m [1;30mINFO[0m Creating environment hook '/home/techsas/auv_ws/install/auv_pkg/share/auv_pkg/hook/pythonpath.ps1'
[3.775s] [34mcolcon.colcon_core.shell[0m [1;30mINFO[0m Creating environment descriptor '/home/techsas/auv_ws/install/auv_pkg/share/auv_pkg/hook/pythonpath.dsv'
[3.776s] [34mcolcon.colcon_core.shell[0m [1;30mINFO[0m Creating environment hook '/home/techsas/auv_ws/install/auv_pkg/share/auv_pkg/hook/pythonpath.sh'
[3.779s] [34mcolcon.colcon_core.environment[0m [1;30mLevel 1[0m checking '/home/techsas/auv_ws/install/auv_pkg/bin'
[3.779s] [34mcolcon.colcon_core.environment[0m [1;30mLevel 1[0m create_environment_scripts_only(auv_pkg)
[3.780s] [34mcolcon.colcon_core.shell[0m [1;30mINFO[0m Creating package script '/home/techsas/auv_ws/install/auv_pkg/share/auv_pkg/package.ps1'
[3.783s] [34mcolcon.colcon_core.shell[0m [1;30mINFO[0m Creating package descriptor '/home/techsas/auv_ws/install/auv_pkg/share/auv_pkg/package.dsv'
[3.785s] [34mcolcon.colcon_core.shell[0m [1;30mINFO[0m Creating package script '/home/techsas/auv_ws/install/auv_pkg/share/auv_pkg/package.sh'
[3.786s] [34mcolcon.colcon_core.shell[0m [1;30mINFO[0m Creating package script '/home/techsas/auv_ws/install/auv_pkg/share/auv_pkg/package.bash'
[3.788s] [34mcolcon.colcon_core.shell[0m [1;30mINFO[0m Creating package script '/home/techsas/auv_ws/install/auv_pkg/share/auv_pkg/package.zsh'
[3.789s] [34mcolcon.colcon_core.environment[0m [1;30mLevel 1[0m create_file_with_runtime_dependencies(/home/techsas/auv_ws/install/auv_pkg/share/colcon-core/packages/auv_pkg)
[3.790s] [34mcolcon.colcon_parallel_executor.executor.parallel[0m [1;30mDEBUG[0m [32mclosing loop[0m
[3.791s] [34mcolcon.colcon_parallel_executor.executor.parallel[0m [1;30mDEBUG[0m [32mloop closed[0m
[3.791s] [34mcolcon.colcon_parallel_executor.executor.parallel[0m [1;30mDEBUG[0m [32mrun_until_complete finished with '0'[0m
[3.792s] [34mcolcon.colcon_core.event_reactor[0m [1;30mDEBUG[0m [32mjoining thread[0m
[3.794s] [34mcolcon.colcon_core.event_reactor[0m [1;30mDEBUG[0m [32mjoined thread[0m
[3.795s] [34mcolcon.colcon_core.shell[0m [1;30mINFO[0m Creating prefix script '/home/techsas/auv_ws/install/local_setup.ps1'
[3.798s] [34mcolcon.colcon_core.shell[0m [1;30mINFO[0m Creating prefix util module '/home/techsas/auv_ws/install/_local_setup_util_ps1.py'
[3.804s] [34mcolcon.colcon_core.shell[0m [1;30mINFO[0m Creating prefix chain script '/home/techsas/auv_ws/install/setup.ps1'
[3.809s] [34mcolcon.colcon_core.shell[0m [1;30mINFO[0m Creating prefix script '/home/techsas/auv_ws/install/local_setup.sh'
[3.811s] [34mcolcon.colcon_core.shell[0m [1;30mINFO[0m Creating prefix util module '/home/techsas/auv_ws/install/_local_setup_util_sh.py'
[3.814s] [34mcolcon.colcon_core.shell[0m [1;30mINFO[0m Creating prefix chain script '/home/techsas/auv_ws/install/setup.sh'
[3.818s] [34mcolcon.colcon_core.shell[0m [1;30mINFO[0m Creating prefix script '/home/techsas/auv_ws/install/local_setup.bash'
[3.820s] [34mcolcon.colcon_core.shell[0m [1;30mINFO[0m Creating prefix chain script '/home/techsas/auv_ws/install/setup.bash'
[3.825s] [34mcolcon.colcon_core.shell[0m [1;30mINFO[0m Creating prefix script '/home/techsas/auv_ws/install/local_setup.zsh'
[3.827s] [34mcolcon.colcon_core.shell[0m [1;30mINFO[0m Creating prefix chain script '/home/techsas/auv_ws/install/setup.zsh'
