running develop
running egg_info
creating auv_rov.egg-info
writing auv_rov.egg-info/PKG-INFO
writing dependency_links to auv_rov.egg-info/dependency_links.txt
writing entry points to auv_rov.egg-info/entry_points.txt
writing requirements to auv_rov.egg-info/requires.txt
writing top-level names to auv_rov.egg-info/top_level.txt
writing manifest file 'auv_rov.egg-info/SOURCES.txt'
reading manifest file 'auv_rov.egg-info/SOURCES.txt'
writing manifest file 'auv_rov.egg-info/SOURCES.txt'
running build_ext
Creating /home/techsas/auv_ws/install/auv_rov/lib/python3.10/site-packages/auv-rov.egg-link (link to .)

Installed /home/techsas/auv_ws/build/auv_rov
running symlink_data
creating /home/techsas/auv_ws/install/auv_rov/share/ament_index
creating /home/techsas/auv_ws/install/auv_rov/share/ament_index/resource_index
creating /home/techsas/auv_ws/install/auv_rov/share/ament_index/resource_index/packages
symbolically linking /home/techsas/auv_ws/build/auv_rov/resource/auv_rov -> /home/techsas/auv_ws/install/auv_rov/share/ament_index/resource_index/packages
symbolically linking /home/techsas/auv_ws/build/auv_rov/package.xml -> /home/techsas/auv_ws/install/auv_rov/share/auv_rov
