[1.557s] Invoking command in '/home/techsas/auv_ws/build/auv_rov': PYTHONPATH=/home/techsas/auv_ws/build/auv_rov/prefix_override:/usr/lib/python3/dist-packages/colcon_core/task/python/colcon_distutils_commands:/home/techsas/auv_ws/install/auv_rov/lib/python3.10/site-packages:${PYTHONPATH} /usr/bin/python3 -W ignore:setup.py install is deprecated -W ignore:easy_install command is deprecated setup.py develop --editable --build-directory /home/techsas/auv_ws/build/auv_rov/build --no-deps symlink_data
[2.008s] running develop
[2.302s] running egg_info
[2.303s] creating auv_rov.egg-info
[2.303s] writing auv_rov.egg-info/PKG-INFO
[2.303s] writing dependency_links to auv_rov.egg-info/dependency_links.txt
[2.303s] writing entry points to auv_rov.egg-info/entry_points.txt
[2.304s] writing requirements to auv_rov.egg-info/requires.txt
[2.304s] writing top-level names to auv_rov.egg-info/top_level.txt
[2.304s] writing manifest file 'auv_rov.egg-info/SOURCES.txt'
[2.307s] reading manifest file 'auv_rov.egg-info/SOURCES.txt'
[2.308s] writing manifest file 'auv_rov.egg-info/SOURCES.txt'
[2.311s] running build_ext
[2.311s] Creating /home/techsas/auv_ws/install/auv_rov/lib/python3.10/site-packages/auv-rov.egg-link (link to .)
[2.312s] 
[2.313s] Installed /home/techsas/auv_ws/build/auv_rov
[2.313s] running symlink_data
[2.313s] creating /home/techsas/auv_ws/install/auv_rov/share/ament_index
[2.313s] creating /home/techsas/auv_ws/install/auv_rov/share/ament_index/resource_index
[2.313s] creating /home/techsas/auv_ws/install/auv_rov/share/ament_index/resource_index/packages
[2.313s] symbolically linking /home/techsas/auv_ws/build/auv_rov/resource/auv_rov -> /home/techsas/auv_ws/install/auv_rov/share/ament_index/resource_index/packages
[2.313s] symbolically linking /home/techsas/auv_ws/build/auv_rov/package.xml -> /home/techsas/auv_ws/install/auv_rov/share/auv_rov
[2.384s] Invoked command in '/home/techsas/auv_ws/build/auv_rov' returned '0': PYTHONPATH=/home/techsas/auv_ws/build/auv_rov/prefix_override:/usr/lib/python3/dist-packages/colcon_core/task/python/colcon_distutils_commands:/home/techsas/auv_ws/install/auv_rov/lib/python3.10/site-packages:${PYTHONPATH} /usr/bin/python3 -W ignore:setup.py install is deprecated -W ignore:easy_install command is deprecated setup.py develop --editable --build-directory /home/techsas/auv_ws/build/auv_rov/build --no-deps symlink_data
